Archive member included to satisfy reference by file (symbol)

/usr/lib/gcc/avr/5.4.0/../../../avr/lib/avr5/libm.a(fixsfsi.o)
                              obj_doxl/common/mousekey.o (__fixsfsi)
/usr/lib/gcc/avr/5.4.0/../../../avr/lib/avr5/libm.a(fixunssfsi.o)
                              /usr/lib/gcc/avr/5.4.0/../../../avr/lib/avr5/libm.a(fixsfsi.o) (__fixunssfsi)
/usr/lib/gcc/avr/5.4.0/../../../avr/lib/avr5/libm.a(floatsisf.o)
                              obj_doxl/common/mousekey.o (__floatsisf)
/usr/lib/gcc/avr/5.4.0/../../../avr/lib/avr5/libm.a(fp_split3.o)
                              /usr/lib/gcc/avr/5.4.0/../../../avr/lib/avr5/libm.a(fixunssfsi.o) (__fp_splitA)
/usr/lib/gcc/avr/5.4.0/../../../avr/lib/avr5/libm.a(fp_zero.o)
                              /usr/lib/gcc/avr/5.4.0/../../../avr/lib/avr5/libm.a(fixunssfsi.o) (__fp_zero)
/usr/lib/gcc/avr/5.4.0/../../../avr/lib/avr5/libm.a(mulsf3.o)
                              obj_doxl/common/mousekey.o (__mulsf3)
/usr/lib/gcc/avr/5.4.0/../../../avr/lib/avr5/libm.a(mulsf3x.o)
                              /usr/lib/gcc/avr/5.4.0/../../../avr/lib/avr5/libm.a(mulsf3.o) (__mulsf3x)
/usr/lib/gcc/avr/5.4.0/../../../avr/lib/avr5/libm.a(fp_inf.o)
                              /usr/lib/gcc/avr/5.4.0/../../../avr/lib/avr5/libm.a(mulsf3x.o) (__fp_inf)
/usr/lib/gcc/avr/5.4.0/../../../avr/lib/avr5/libm.a(fp_nan.o)
                              /usr/lib/gcc/avr/5.4.0/../../../avr/lib/avr5/libm.a(mulsf3x.o) (__fp_nan)
/usr/lib/gcc/avr/5.4.0/../../../avr/lib/avr5/libm.a(fp_pscA.o)
                              /usr/lib/gcc/avr/5.4.0/../../../avr/lib/avr5/libm.a(mulsf3x.o) (__fp_pscA)
/usr/lib/gcc/avr/5.4.0/../../../avr/lib/avr5/libm.a(fp_pscB.o)
                              /usr/lib/gcc/avr/5.4.0/../../../avr/lib/avr5/libm.a(mulsf3x.o) (__fp_pscB)
/usr/lib/gcc/avr/5.4.0/../../../avr/lib/avr5/libm.a(fp_round.o)
                              /usr/lib/gcc/avr/5.4.0/../../../avr/lib/avr5/libm.a(mulsf3.o) (__fp_round)
/usr/lib/gcc/avr/5.4.0/avr5/libgcc.a(_divmodhi4.o)
                              obj_doxl/common/mousekey.o (__divmodhi4)
/usr/lib/gcc/avr/5.4.0/avr5/libgcc.a(_exit.o)
                              /usr/lib/gcc/avr/5.4.0/../../../avr/lib/avr5/crtatmega32u4.o (exit)
/usr/lib/gcc/avr/5.4.0/avr5/libgcc.a(_tablejump2.o)
                              obj_doxl/protocol/lufa/LUFA-git/LUFA/Drivers/USB/Core/DeviceStandardReq.o (__tablejump2__)
/usr/lib/gcc/avr/5.4.0/avr5/libgcc.a(_copy_data.o)
                              obj_doxl/matrix.o (__do_copy_data)
/usr/lib/gcc/avr/5.4.0/avr5/libgcc.a(_clear_bss.o)
                              obj_doxl/matrix.o (__do_clear_bss)
/usr/lib/gcc/avr/5.4.0/avr5/libgcc.a(_udivmodhi4.o)
                              /usr/lib/gcc/avr/5.4.0/avr5/libgcc.a(_divmodhi4.o) (__udivmodhi4)
/usr/lib/gcc/avr/5.4.0/../../../avr/lib/avr5/libatmega32u4.a(eerd_byte.o)
                              obj_doxl/protocol/lufa/LUFA-git/LUFA/Drivers/USB/Core/AVR8/EndpointStream_AVR8.o (eeprom_read_byte)
/usr/lib/gcc/avr/5.4.0/../../../avr/lib/avr5/libatmega32u4.a(eerd_word.o)
                              obj_doxl/common/avr/eeconfig.o (eeprom_read_word)
/usr/lib/gcc/avr/5.4.0/../../../avr/lib/avr5/libatmega32u4.a(eeupd_byte.o)
                              obj_doxl/protocol/lufa/LUFA-git/LUFA/Drivers/USB/Core/AVR8/EndpointStream_AVR8.o (eeprom_update_byte)
/usr/lib/gcc/avr/5.4.0/../../../avr/lib/avr5/libatmega32u4.a(eewr_byte.o)
                              obj_doxl/common/avr/eeconfig.o (eeprom_write_byte)
/usr/lib/gcc/avr/5.4.0/../../../avr/lib/avr5/libatmega32u4.a(eewr_word.o)
                              obj_doxl/common/avr/eeconfig.o (eeprom_write_word)
/usr/lib/gcc/avr/5.4.0/../../../avr/lib/avr5/libatmega32u4.a(eerd_block.o)
                              /usr/lib/gcc/avr/5.4.0/../../../avr/lib/avr5/libatmega32u4.a(eerd_word.o) (eeprom_read_blraw)

Allocating common symbols
Common symbol       size              file

USB_IsInitialized   0x1               obj_doxl/protocol/lufa/LUFA-git/LUFA/Drivers/USB/Core/USBTask.o
keymap_config       0x1               obj_doxl/common/bootmagic.o
USB_DeviceState     0x1               obj_doxl/protocol/lufa/LUFA-git/LUFA/Drivers/USB/Core/USBTask.o
USB_Device_ConfigurationNumber
                    0x1               obj_doxl/protocol/lufa/LUFA-git/LUFA/Drivers/USB/Core/DeviceStandardReq.o
USB_Device_CurrentlySelfPowered
                    0x1               obj_doxl/protocol/lufa/LUFA-git/LUFA/Drivers/USB/Core/DeviceStandardReq.o
USB_ControlRequest  0x8               obj_doxl/protocol/lufa/LUFA-git/LUFA/Drivers/USB/Core/USBTask.o
USB_Device_RemoteWakeupEnabled
                    0x1               obj_doxl/protocol/lufa/LUFA-git/LUFA/Drivers/USB/Core/DeviceStandardReq.o

Discarded input sections

 .data          0x0000000000000000        0x0 /usr/lib/gcc/avr/5.4.0/../../../avr/lib/avr5/crtatmega32u4.o
 .bss           0x0000000000000000        0x0 /usr/lib/gcc/avr/5.4.0/../../../avr/lib/avr5/crtatmega32u4.o
[...]
Memory Configuration

Name             Origin             Length             Attributes
text             0x0000000000000000 0x0000000000020000 xr
data             0x0000000000800060 0x000000000000ffa0 rw !x
eeprom           0x0000000000810000 0x0000000000010000 rw !x
fuse             0x0000000000820000 0x0000000000000003 rw !x
lock             0x0000000000830000 0x0000000000000400 rw !x
signature        0x0000000000840000 0x0000000000000400 rw !x
user_signatures  0x0000000000850000 0x0000000000000400 rw !x
*default*        0x0000000000000000 0xffffffffffffffff

Linker script and memory map

Address of section .data set to 0x800100
LOAD /usr/lib/gcc/avr/5.4.0/../../../avr/lib/avr5/crtatmega32u4.o
LOAD obj_doxl/keymap_macro.o
LOAD obj_doxl/matrix.o
LOAD obj_doxl/led.o
LOAD obj_doxl/protocol/lufa/lufa.o
LOAD obj_doxl/protocol/lufa/descriptor.o
LOAD obj_doxl/protocol/lufa/LUFA-git/LUFA/Drivers/USB/Class/Common/HIDParser.o
LOAD obj_doxl/protocol/lufa/LUFA-git/LUFA/Drivers/USB/Core/AVR8/Device_AVR8.o
LOAD obj_doxl/protocol/lufa/LUFA-git/LUFA/Drivers/USB/Core/AVR8/EndpointStream_AVR8.o
LOAD obj_doxl/protocol/lufa/LUFA-git/LUFA/Drivers/USB/Core/AVR8/Endpoint_AVR8.o
LOAD obj_doxl/protocol/lufa/LUFA-git/LUFA/Drivers/USB/Core/AVR8/Host_AVR8.o
LOAD obj_doxl/protocol/lufa/LUFA-git/LUFA/Drivers/USB/Core/AVR8/PipeStream_AVR8.o
LOAD obj_doxl/protocol/lufa/LUFA-git/LUFA/Drivers/USB/Core/AVR8/Pipe_AVR8.o
LOAD obj_doxl/protocol/lufa/LUFA-git/LUFA/Drivers/USB/Core/AVR8/USBController_AVR8.o
LOAD obj_doxl/protocol/lufa/LUFA-git/LUFA/Drivers/USB/Core/AVR8/USBInterrupt_AVR8.o
LOAD obj_doxl/protocol/lufa/LUFA-git/LUFA/Drivers/USB/Core/ConfigDescriptors.o
LOAD obj_doxl/protocol/lufa/LUFA-git/LUFA/Drivers/USB/Core/DeviceStandardReq.o
LOAD obj_doxl/protocol/lufa/LUFA-git/LUFA/Drivers/USB/Core/Events.o
LOAD obj_doxl/protocol/lufa/LUFA-git/LUFA/Drivers/USB/Core/HostStandardReq.o
LOAD obj_doxl/protocol/lufa/LUFA-git/LUFA/Drivers/USB/Core/USBTask.o
LOAD obj_doxl/common/host.o
LOAD obj_doxl/common/keyboard.o
LOAD obj_doxl/common/matrix.o
LOAD obj_doxl/common/action.o
LOAD obj_doxl/common/action_tapping.o
LOAD obj_doxl/common/action_macro.o
LOAD obj_doxl/common/action_layer.o
LOAD obj_doxl/common/action_util.o
LOAD obj_doxl/common/print.o
LOAD obj_doxl/common/debug.o
LOAD obj_doxl/common/util.o
LOAD obj_doxl/common/hook.o
LOAD obj_doxl/common/avr/suspend.o
LOAD obj_doxl/common/avr/xprintf.o
LOAD obj_doxl/common/avr/timer.o
LOAD obj_doxl/common/avr/bootloader.o
LOAD obj_doxl/common/keymap.o
LOAD obj_doxl/common/bootmagic.o
LOAD obj_doxl/common/avr/eeconfig.o
LOAD obj_doxl/common/mousekey.o
LOAD obj_doxl/common/command.o
LOAD /usr/lib/gcc/avr/5.4.0/../../../avr/lib/avr5/libm.a
START GROUP
LOAD /usr/lib/gcc/avr/5.4.0/avr5/libgcc.a
LOAD /usr/lib/gcc/avr/5.4.0/../../../avr/lib/avr5/libm.a
LOAD /usr/lib/gcc/avr/5.4.0/../../../avr/lib/avr5/libc.a
LOAD /usr/lib/gcc/avr/5.4.0/../../../avr/lib/avr5/libatmega32u4.a
END GROUP
                0x0000000000000000                __TEXT_REGION_ORIGIN__ = DEFINED (__TEXT_REGION_ORIGIN__)?__TEXT_REGION_ORIGIN__:0x0
                0x0000000000800060                __DATA_REGION_ORIGIN__ = DEFINED (__DATA_REGION_ORIGIN__)?__DATA_REGION_ORIGIN__:0x800060
                0x0000000000020000                __TEXT_REGION_LENGTH__ = DEFINED (__TEXT_REGION_LENGTH__)?__TEXT_REGION_LENGTH__:0x20000
                0x000000000000ffa0                __DATA_REGION_LENGTH__ = DEFINED (__DATA_REGION_LENGTH__)?__DATA_REGION_LENGTH__:0xffa0
                0x0000000000010000                __EEPROM_REGION_LENGTH__ = DEFINED (__EEPROM_REGION_LENGTH__)?__EEPROM_REGION_LENGTH__:0x10000
                [0x0000000000000003]                __FUSE_REGION_LENGTH__ = DEFINED (__FUSE_REGION_LENGTH__)?__FUSE_REGION_LENGTH__:0x400
                0x0000000000000400                __LOCK_REGION_LENGTH__ = DEFINED (__LOCK_REGION_LENGTH__)?__LOCK_REGION_LENGTH__:0x400
                0x0000000000000400                __SIGNATURE_REGION_LENGTH__ = DEFINED (__SIGNATURE_REGION_LENGTH__)?__SIGNATURE_REGION_LENGTH__:0x400
                0x0000000000000400                __USER_SIGNATURE_REGION_LENGTH__ = DEFINED (__USER_SIGNATURE_REGION_LENGTH__)?__USER_SIGNATURE_REGION_LENGTH__:0x400

.hash
 *(.hash)

.dynsym
 *(.dynsym)

.dynstr
 *(.dynstr)

.gnu.version
 *(.gnu.version)

.gnu.version_d
 *(.gnu.version_d)

.gnu.version_r
 *(.gnu.version_r)

.rel.init
 *(.rel.init)

.rela.init
 *(.rela.init)

.rel.text
 *(.rel.text)
 *(.rel.text.*)
 *(.rel.gnu.linkonce.t*)

.rela.text
 *(.rela.text)
 *(.rela.text.*)
 *(.rela.gnu.linkonce.t*)

.rel.fini
 *(.rel.fini)

.rela.fini
 *(.rela.fini)

.rel.rodata
 *(.rel.rodata)
 *(.rel.rodata.*)
 *(.rel.gnu.linkonce.r*)

.rela.rodata
 *(.rela.rodata)
 *(.rela.rodata.*)
 *(.rela.gnu.linkonce.r*)

.rel.data
 *(.rel.data)
 *(.rel.data.*)
 *(.rel.gnu.linkonce.d*)

.rela.data
 *(.rela.data)
 *(.rela.data.*)
 *(.rela.gnu.linkonce.d*)

.rel.ctors
 *(.rel.ctors)

.rela.ctors
 *(.rela.ctors)

.rel.dtors
 *(.rel.dtors)

.rela.dtors
 *(.rela.dtors)

.rel.got
 *(.rel.got)

.rela.got
 *(.rela.got)

.rel.bss
 *(.rel.bss)

.rela.bss
 *(.rela.bss)

.rel.plt
 *(.rel.plt)

.rela.plt
 *(.rela.plt)

.text           0x0000000000000000     0x565a
 *(.vectors)
 .vectors       0x0000000000000000       0xac /usr/lib/gcc/avr/5.4.0/../../../avr/lib/avr5/crtatmega32u4.o
                0x0000000000000000                __vectors
                0x0000000000000000                __vector_default
 *(.vectors)
 *(.progmem.gcc*)
 .progmem.gcc_sw_table.USB_Device_ProcessControlRequest
                0x00000000000000ac       0x14 obj_doxl/protocol/lufa/LUFA-git/LUFA/Drivers/USB/Core/DeviceStandardReq.o
 .progmem.gcc_sw_table.process_action
                0x00000000000000c0       0x20 obj_doxl/common/action.o
                0x00000000000000e0                . = ALIGN (0x2)
                0x00000000000000e0                __trampolines_start = .
 *(.trampolines)
 .trampolines   0x00000000000000e0        0x0 linker stubs
 *(.trampolines*)
                0x00000000000000e0                __trampolines_end = .
 *libprintf_flt.a:*(.progmem.data)
 *libc.a:*(.progmem.data)
 *(.progmem*)
 .progmem.data.fn_actions
                0x00000000000000e0       0x36 obj_doxl/keymap_macro.o
                0x00000000000000e0                fn_actions
 .progmem.data.keymaps
                0x0000000000000116       0xd2 obj_doxl/keymap_macro.o
                0x0000000000000116                keymaps
 .progmem.data.__c.1995
                0x00000000000001e8        0x2 obj_doxl/matrix.o
 .progmem.data.__c.1993
                0x00000000000001ea        0x5 obj_doxl/matrix.o
 .progmem.data.__c.1991
                0x00000000000001ef        0xa obj_doxl/matrix.o
 .progmem.data.__c.5116
                0x00000000000001f9       0x12 obj_doxl/protocol/lufa/lufa.o
 .progmem.data.__c.5111
                0x000000000000020b       0x10 obj_doxl/protocol/lufa/lufa.o
 .progmem.data.__c.5018
                0x000000000000021b        0x4 obj_doxl/protocol/lufa/lufa.o
 .progmem.data.__c.5013
                0x000000000000021f        0x4 obj_doxl/protocol/lufa/lufa.o
 .progmem.data.ProductString
                0x0000000000000223       0x12 obj_doxl/protocol/lufa/descriptor.o
                0x0000000000000223                ProductString
 .progmem.data.ManufacturerString
                0x0000000000000235       0x14 obj_doxl/protocol/lufa/descriptor.o
                0x0000000000000235                ManufacturerString
 .progmem.data.LanguageString
                0x0000000000000249        0x4 obj_doxl/protocol/lufa/descriptor.o
                0x0000000000000249                LanguageString
 .progmem.data.ConfigurationDescriptor
                0x000000000000024d       0x8d obj_doxl/protocol/lufa/descriptor.o
                0x000000000000024d                ConfigurationDescriptor
 .progmem.data.DeviceDescriptor
                0x00000000000002da       0x12 obj_doxl/protocol/lufa/descriptor.o
                0x00000000000002da                DeviceDescriptor
 .progmem.data.NKROReport
                0x00000000000002ec       0x39 obj_doxl/protocol/lufa/descriptor.o
                0x00000000000002ec                NKROReport
 .progmem.data.ConsoleReport
                0x0000000000000325       0x22 obj_doxl/protocol/lufa/descriptor.o
                0x0000000000000325                ConsoleReport
 .progmem.data.ExtrakeyReport
                0x0000000000000347       0x36 obj_doxl/protocol/lufa/descriptor.o
                0x0000000000000347                ExtrakeyReport
 .progmem.data.MouseReport
                0x000000000000037d       0x4d obj_doxl/protocol/lufa/descriptor.o
                0x000000000000037d                MouseReport
 .progmem.data.KeyboardReport
                0x00000000000003ca       0x40 obj_doxl/protocol/lufa/descriptor.o
                0x00000000000003ca                KeyboardReport
 .progmem.data.__c.4650
                0x000000000000040a       0x10 obj_doxl/common/host.o
 .progmem.data.__c.4645
                0x000000000000041a        0xe obj_doxl/common/host.o
 .progmem.data.__c.4637
                0x0000000000000428        0x2 obj_doxl/common/host.o
 .progmem.data.__c.4632
                0x000000000000042a        0x6 obj_doxl/common/host.o
 .progmem.data.__c.4629
                0x0000000000000430        0xb obj_doxl/common/host.o
 .progmem.data.__c.4994
                0x000000000000043b        0xb obj_doxl/common/keyboard.o
 .progmem.data.__c.1851
                0x0000000000000446        0xe obj_doxl/common/matrix.o
 .progmem.data.__c.1848
                0x0000000000000454        0xe obj_doxl/common/matrix.o
 .progmem.data.__c.4777
                0x0000000000000462       0x1e obj_doxl/common/action_util.o
 .progmem.data.__c.4772
                0x0000000000000480       0x1e obj_doxl/common/action_util.o
 .progmem.data.__c.4946
                0x000000000000049e        0x7 obj_doxl/common/bootmagic.o
 .progmem.data.__c.4940
                0x00000000000004a5       0x15 obj_doxl/common/bootmagic.o
 .progmem.data.__c.4709
                0x00000000000004ba        0x3 obj_doxl/common/mousekey.o
 .progmem.data.__c.4707
                0x00000000000004bd        0x3 obj_doxl/common/mousekey.o
 .progmem.data.__c.4705
                0x00000000000004c0        0x2 obj_doxl/common/mousekey.o
 .progmem.data.__c.4703
                0x00000000000004c2        0x3 obj_doxl/common/mousekey.o
 .progmem.data.__c.4701
                0x00000000000004c5        0x3 obj_doxl/common/mousekey.o
 .progmem.data.__c.4699
                0x00000000000004c8        0x3 obj_doxl/common/mousekey.o
 .progmem.data.__c.4697
                0x00000000000004cb        0x2 obj_doxl/common/mousekey.o
 .progmem.data.__c.4695
                0x00000000000004cd        0x3 obj_doxl/common/mousekey.o
 .progmem.data.__c.4693
                0x00000000000004d0        0x2 obj_doxl/common/mousekey.o
 .progmem.data.__c.4691
                0x00000000000004d2        0x3 obj_doxl/common/mousekey.o
 .progmem.data.__c.4689
                0x00000000000004d5        0x2 obj_doxl/common/mousekey.o
 .progmem.data.__c.4687
                0x00000000000004d7        0x3 obj_doxl/common/mousekey.o
 .progmem.data.__c.4685
                0x00000000000004da        0x2 obj_doxl/common/mousekey.o
 .progmem.data.__c.4683
                0x00000000000004dc        0x5 obj_doxl/common/mousekey.o
 .progmem.data.__c.4681
                0x00000000000004e1       0x23 obj_doxl/common/mousekey.o
 .progmem.data.__c.5319
                0x0000000000000504       0x1b obj_doxl/common/command.o
 .progmem.data.__c.5316
                0x000000000000051f       0x19 obj_doxl/common/command.o
 .progmem.data.__c.5313
                0x0000000000000538       0x15 obj_doxl/common/command.o
 .progmem.data.__c.5310
                0x000000000000054d       0x13 obj_doxl/common/command.o
 .progmem.data.__c.5307
                0x0000000000000560       0x12 obj_doxl/common/command.o
 .progmem.data.__c.5303
                0x0000000000000572        0xf obj_doxl/common/command.o
 .progmem.data.__c.5296
                0x0000000000000581       0x1b obj_doxl/common/command.o
 .progmem.data.__c.5293
                0x000000000000059c       0x19 obj_doxl/common/command.o
 .progmem.data.__c.5290
                0x00000000000005b5       0x15 obj_doxl/common/command.o
 .progmem.data.__c.5287
                0x00000000000005ca       0x13 obj_doxl/common/command.o
 .progmem.data.__c.5284
                0x00000000000005dd       0x12 obj_doxl/common/command.o
 .progmem.data.__c.5280
                0x00000000000005ef        0xf obj_doxl/common/command.o
 .progmem.data.__c.5273
                0x00000000000005fe        0x2 obj_doxl/common/command.o
 .progmem.data.__c.5271
                0x0000000000000600        0x3 obj_doxl/common/command.o
 .progmem.data.__c.5269
                0x0000000000000603       0x17 obj_doxl/common/command.o
 .progmem.data.__c.5267
                0x000000000000061a        0x2 obj_doxl/common/command.o
 .progmem.data.__c.5265
                0x000000000000061c        0x3 obj_doxl/common/command.o
 .progmem.data.__c.5263
                0x000000000000061f       0x15 obj_doxl/common/command.o
 .progmem.data.__c.5261
                0x0000000000000634        0x2 obj_doxl/common/command.o
 .progmem.data.__c.5259
                0x0000000000000636        0x3 obj_doxl/common/command.o
 .progmem.data.__c.5257
                0x0000000000000639       0x11 obj_doxl/common/command.o
 .progmem.data.__c.5255
                0x000000000000064a        0x2 obj_doxl/common/command.o
 .progmem.data.__c.5253
                0x000000000000064c        0x3 obj_doxl/common/command.o
 .progmem.data.__c.5251
                0x000000000000064f        0xf obj_doxl/common/command.o
 .progmem.data.__c.5249
                0x000000000000065e        0x2 obj_doxl/common/command.o
 .progmem.data.__c.5247
                0x0000000000000660        0x3 obj_doxl/common/command.o
 .progmem.data.__c.5245
                0x0000000000000663       0x12 obj_doxl/common/command.o
 .progmem.data.__c.5243
                0x0000000000000675        0x2 obj_doxl/common/command.o
 .progmem.data.__c.5241
                0x0000000000000677        0x3 obj_doxl/common/command.o
 .progmem.data.__c.5239
                0x000000000000067a       0x12 obj_doxl/common/command.o
 .progmem.data.__c.5237
                0x000000000000068c        0xe obj_doxl/common/command.o
 .progmem.data.__c.5357
                0x000000000000069a        0x3 obj_doxl/common/command.o
 .progmem.data.__c.5355
                0x000000000000069d        0x6 obj_doxl/common/command.o
 .progmem.data.__c.5353
                0x00000000000006a3        0x2 obj_doxl/common/command.o
 .progmem.data.__c.5350
                0x00000000000006a5        0xd obj_doxl/common/command.o
 .progmem.data.__c.5336
                0x00000000000006b2        0x4 obj_doxl/common/command.o
 .progmem.data.__c.5326
                0x00000000000006b6       0x4e obj_doxl/common/command.o
 .progmem.data.__c.5324
                0x0000000000000704       0xfb obj_doxl/common/command.o
 .progmem.data.__c.5229
                0x00000000000007ff        0x2 obj_doxl/common/command.o
 .progmem.data.__c.5226
                0x0000000000000801        0x4 obj_doxl/common/command.o
 .progmem.data.__c.5231
                0x0000000000000805        0x4 obj_doxl/common/command.o
 .progmem.data.__c.5375
                0x0000000000000809        0x5 obj_doxl/common/command.o
 .progmem.data.__c.5215
                0x000000000000080e       0x27 obj_doxl/common/command.o
 .progmem.data.__c.5040
                0x0000000000000835       0xa5 obj_doxl/common/command.o
 .progmem.data.__c.5135
                0x00000000000008da        0x2 obj_doxl/common/command.o
 .progmem.data.__c.5133
                0x00000000000008dc        0x3 obj_doxl/common/command.o
 .progmem.data.__c.5131
                0x00000000000008df        0x8 obj_doxl/common/command.o
 .progmem.data.__c.5129
                0x00000000000008e7        0x2 obj_doxl/common/command.o
 .progmem.data.__c.5127
                0x00000000000008e9        0x3 obj_doxl/common/command.o
 .progmem.data.__c.5125
                0x00000000000008ec       0x1c obj_doxl/common/command.o
 .progmem.data.__c.5123
                0x0000000000000908        0x2 obj_doxl/common/command.o
 .progmem.data.__c.5121
                0x000000000000090a        0x3 obj_doxl/common/command.o
 .progmem.data.__c.5119
                0x000000000000090d       0x12 obj_doxl/common/command.o
 .progmem.data.__c.5117
                0x000000000000091f        0x2 obj_doxl/common/command.o
 .progmem.data.__c.5115
                0x0000000000000921        0x3 obj_doxl/common/command.o
 .progmem.data.__c.5113
                0x0000000000000924        0xa obj_doxl/common/command.o
 .progmem.data.__c.5111
                0x000000000000092e        0x2 obj_doxl/common/command.o
 .progmem.data.__c.5109
                0x0000000000000930        0x3 obj_doxl/common/command.o
 .progmem.data.__c.5107
                0x0000000000000933       0x12 obj_doxl/common/command.o
 .progmem.data.__c.5105
                0x0000000000000945        0x2 obj_doxl/common/command.o
 .progmem.data.__c.5103
                0x0000000000000947        0x3 obj_doxl/common/command.o
 .progmem.data.__c.5101
                0x000000000000094a       0x12 obj_doxl/common/command.o
 .progmem.data.__c.5099
                0x000000000000095c        0x2 obj_doxl/common/command.o
 .progmem.data.__c.5097
                0x000000000000095e        0x3 obj_doxl/common/command.o
 .progmem.data.__c.5095
                0x0000000000000961       0x17 obj_doxl/common/command.o
 .progmem.data.__c.5093
                0x0000000000000978        0x2 obj_doxl/common/command.o
 .progmem.data.__c.5091
                0x000000000000097a        0x3 obj_doxl/common/command.o
 .progmem.data.__c.5089
                0x000000000000097d       0x19 obj_doxl/common/command.o
 .progmem.data.__c.5087
                0x0000000000000996        0x2 obj_doxl/common/command.o
 .progmem.data.__c.5085
                0x0000000000000998        0x5 obj_doxl/common/command.o
 .progmem.data.__c.5083
                0x000000000000099d       0x14 obj_doxl/common/command.o
 .progmem.data.__c.5080
                0x00000000000009b1        0x2 obj_doxl/common/command.o
 .progmem.data.__c.5078
                0x00000000000009b3        0x3 obj_doxl/common/command.o
 .progmem.data.__c.5076
                0x00000000000009b6        0x9 obj_doxl/common/command.o
 .progmem.data.__c.5074
                0x00000000000009bf        0x2 obj_doxl/common/command.o
 .progmem.data.__c.5072
                0x00000000000009c1        0x3 obj_doxl/common/command.o
 .progmem.data.__c.5070
                0x00000000000009c4        0xc obj_doxl/common/command.o
 .progmem.data.__c.5068
                0x00000000000009d0        0x2 obj_doxl/common/command.o
 .progmem.data.__c.5066
                0x00000000000009d2        0x3 obj_doxl/common/command.o
 .progmem.data.__c.5064
                0x00000000000009d5        0xa obj_doxl/common/command.o
 .progmem.data.__c.5062
                0x00000000000009df        0x2 obj_doxl/common/command.o
 .progmem.data.__c.5060
                0x00000000000009e1        0x3 obj_doxl/common/command.o
 .progmem.data.__c.5058
                0x00000000000009e4        0xa obj_doxl/common/command.o
 .progmem.data.__c.5056
                0x00000000000009ee        0x2 obj_doxl/common/command.o
 .progmem.data.__c.5054
                0x00000000000009f0        0x5 obj_doxl/common/command.o
 .progmem.data.__c.5052
                0x00000000000009f5       0x13 obj_doxl/common/command.o
 .progmem.data.__c.5049
                0x0000000000000a08        0x2 obj_doxl/common/command.o
 .progmem.data.__c.5047
                0x0000000000000a0a        0x3 obj_doxl/common/command.o
 .progmem.data.__c.5045
                0x0000000000000a0d       0x10 obj_doxl/common/command.o
 .progmem.data.__c.5210
                0x0000000000000a1d        0x2 obj_doxl/common/command.o
 .progmem.data.__c.5201
                0x0000000000000a1f        0xb obj_doxl/common/command.o
 .progmem.data.__c.5199
                0x0000000000000a2a        0xa obj_doxl/common/command.o
 .progmem.data.__c.5196
                0x0000000000000a34       0x17 obj_doxl/common/command.o
 .progmem.data.__c.5194
                0x0000000000000a4b       0x13 obj_doxl/common/command.o
 .progmem.data.__c.5192
                0x0000000000000a5e       0x13 obj_doxl/common/command.o
 .progmem.data.__c.5190
                0x0000000000000a71       0x17 obj_doxl/common/command.o
 .progmem.data.__c.5188
                0x0000000000000a88       0x1a obj_doxl/common/command.o
 .progmem.data.__c.5186
                0x0000000000000aa2        0xe obj_doxl/common/command.o
 .progmem.data.__c.5183
                0x0000000000000ab0       0x2b obj_doxl/common/command.o
 .progmem.data.__c.5181
                0x0000000000000adb       0x45 obj_doxl/common/command.o
 .progmem.data.__c.5179
                0x0000000000000b20       0x27 obj_doxl/common/command.o
 .progmem.data.__c.5177
                0x0000000000000b47       0x38 obj_doxl/common/command.o
 .progmem.data.__c.5175
                0x0000000000000b7f       0x2d obj_doxl/common/command.o
 .progmem.data.__c.5173
                0x0000000000000bac        0xf obj_doxl/common/command.o
 .progmem.data.__c.5170
                0x0000000000000bbb        0xd obj_doxl/common/command.o
 .progmem.data.__c.5168
                0x0000000000000bc8        0xc obj_doxl/common/command.o
 .progmem.data.__c.5165
                0x0000000000000bd4       0x10 obj_doxl/common/command.o
 .progmem.data.__c.5163
                0x0000000000000be4        0xf obj_doxl/common/command.o
 .progmem.data.__c.5160
                0x0000000000000bf3        0xe obj_doxl/common/command.o
 .progmem.data.__c.5158
                0x0000000000000c01        0xd obj_doxl/common/command.o
 .progmem.data.__c.5155
                0x0000000000000c0e        0xc obj_doxl/common/command.o
 .progmem.data.__c.5153
                0x0000000000000c1a        0xd obj_doxl/common/command.o
 .progmem.data.__c.5150
                0x0000000000000c27       0x11 obj_doxl/common/command.o
 .progmem.data.__c.5147
                0x0000000000000c38        0x4 obj_doxl/common/command.o
 .progmem.data.__c.5141
                0x0000000000000c3c        0xb obj_doxl/common/command.o
                0x0000000000000c48                . = ALIGN (0x2)
 *fill*         0x0000000000000c47        0x1 
 *(.jumptables)
 *(.jumptables*)
 *(.lowtext)
 *(.lowtext*)
                0x0000000000000c48                __ctors_start = .
 *(.ctors)
                0x0000000000000c48                __ctors_end = .
                0x0000000000000c48                __dtors_start = .
 *(.dtors)
                0x0000000000000c48                __dtors_end = .
 SORT(*)(.ctors)
 SORT(*)(.dtors)
 *(.init0)
 .init0         0x0000000000000c48        0x0 /usr/lib/gcc/avr/5.4.0/../../../avr/lib/avr5/crtatmega32u4.o
                0x0000000000000c48                __init
 *(.init0)
 *(.init1)
 *(.init1)
 *(.init2)
 .init2         0x0000000000000c48        0xc /usr/lib/gcc/avr/5.4.0/../../../avr/lib/avr5/crtatmega32u4.o
 *(.init2)
 *(.init3)
 .init3         0x0000000000000c54       0x54 obj_doxl/common/avr/bootloader.o
                0x0000000000000c54                bootloader_jump_after_watchdog_reset
 *(.init3)
 *(.init4)
 .init4         0x0000000000000ca8       0x16 /usr/lib/gcc/avr/5.4.0/avr5/libgcc.a(_copy_data.o)
                0x0000000000000ca8                __do_copy_data
 .init4         0x0000000000000cbe       0x10 /usr/lib/gcc/avr/5.4.0/avr5/libgcc.a(_clear_bss.o)
                0x0000000000000cbe                __do_clear_bss
 *(.init4)
 *(.init5)
 *(.init5)
 *(.init6)
 *(.init6)
 *(.init7)
 *(.init7)
 *(.init8)
 *(.init8)
 *(.init9)
 .init9         0x0000000000000cce        0x8 /usr/lib/gcc/avr/5.4.0/../../../avr/lib/avr5/crtatmega32u4.o
 *(.init9)
 *(.text)
 .text          0x0000000000000cd6        0x4 /usr/lib/gcc/avr/5.4.0/../../../avr/lib/avr5/crtatmega32u4.o
                0x0000000000000cd6                __vector_38
                0x0000000000000cd6                __vector_22
                0x0000000000000cd6                __vector_28
                0x0000000000000cd6                __vector_1
                0x0000000000000cd6                __vector_32
                0x0000000000000cd6                __vector_34
                0x0000000000000cd6                __vector_24
                0x0000000000000cd6                __bad_interrupt
                0x0000000000000cd6                __vector_6
                0x0000000000000cd6                __vector_31
                0x0000000000000cd6                __vector_35
                0x0000000000000cd6                __vector_39
                0x0000000000000cd6                __vector_3
                0x0000000000000cd6                __vector_23
                0x0000000000000cd6                __vector_30
                0x0000000000000cd6                __vector_25
                0x0000000000000cd6                __vector_13
                0x0000000000000cd6                __vector_17
                0x0000000000000cd6                __vector_19
                0x0000000000000cd6                __vector_7
                0x0000000000000cd6                __vector_41
                0x0000000000000cd6                __vector_27
                0x0000000000000cd6                __vector_5
                0x0000000000000cd6                __vector_33
                0x0000000000000cd6                __vector_37
                0x0000000000000cd6                __vector_4
                0x0000000000000cd6                __vector_9
                0x0000000000000cd6                __vector_2
                0x0000000000000cd6                __vector_15
                0x0000000000000cd6                __vector_36
                0x0000000000000cd6                __vector_29
                0x0000000000000cd6                __vector_40
                0x0000000000000cd6                __vector_8
                0x0000000000000cd6                __vector_26
                0x0000000000000cd6                __vector_14
                0x0000000000000cd6                __vector_16
                0x0000000000000cd6                __vector_18
                0x0000000000000cd6                __vector_20
                0x0000000000000cd6                __vector_42
 .text          0x0000000000000cda      0x15c obj_doxl/common/avr/xprintf.o
                0x0000000000000cda                xputc
                0x0000000000000cf2                xputs
                0x0000000000000d00                xitoa
                0x0000000000000e24                __xprintf
                0x0000000000000e36                . = ALIGN (0x2)
 *(.text.*)
 .text.promicro_bootloader_jmp
                0x0000000000000e36       0x2c obj_doxl/keymap_macro.o
                0x0000000000000e36                promicro_bootloader_jmp
 .text.action_function
                0x0000000000000e62        0xc obj_doxl/keymap_macro.o
                0x0000000000000e62                action_function
 .text.unselect_rows
                0x0000000000000e6e       0x16 obj_doxl/matrix.o
 .text.matrix_init
                0x0000000000000e84       0x32 obj_doxl/matrix.o
                0x0000000000000e84                matrix_init
 .text.matrix_scan
                0x0000000000000eb6      0x17a obj_doxl/matrix.o
                0x0000000000000eb6                matrix_scan
 .text.matrix_get_row
                0x0000000000001030        0xc obj_doxl/matrix.o
                0x0000000000001030                matrix_get_row
 .text.led_set  0x000000000000103c        0xe obj_doxl/led.o
                0x000000000000103c                led_set
 .text.keyboard_leds
                0x000000000000104a        0x6 obj_doxl/protocol/lufa/lufa.o
 .text.send_consumer
                0x0000000000001050       0x68 obj_doxl/protocol/lufa/lufa.o
 .text.send_system
                0x00000000000010b8       0x6c obj_doxl/protocol/lufa/lufa.o
 .text.send_mouse
                0x0000000000001124       0x46 obj_doxl/protocol/lufa/lufa.o
 .text.send_keyboard
                0x000000000000116a       0xa8 obj_doxl/protocol/lufa/lufa.o
 .text.console_is_ready
                0x0000000000001212       0x26 obj_doxl/protocol/lufa/lufa.o
 .text.sendchar
                0x0000000000001238      0x100 obj_doxl/protocol/lufa/lufa.o
                0x0000000000001238                sendchar
 .text.EVENT_USB_Device_Connect
                0x0000000000001338       0x24 obj_doxl/protocol/lufa/lufa.o
                0x0000000000001338                EVENT_USB_Device_Connect
 .text.EVENT_USB_Device_Disconnect
                0x000000000000135c        0xe obj_doxl/protocol/lufa/lufa.o
                0x000000000000135c                EVENT_USB_Device_Disconnect
 .text.EVENT_USB_Device_Reset
                0x000000000000136a        0x2 obj_doxl/protocol/lufa/lufa.o
                0x000000000000136a                EVENT_USB_Device_Reset
 .text.EVENT_USB_Device_StartOfFrame
                0x000000000000136c        0x2 obj_doxl/protocol/lufa/lufa.o
                0x000000000000136c                EVENT_USB_Device_StartOfFrame
 .text.EVENT_USB_Device_ConfigurationChanged
                0x000000000000136e       0x32 obj_doxl/protocol/lufa/lufa.o
                0x000000000000136e                EVENT_USB_Device_ConfigurationChanged
 .text.EVENT_USB_Device_ControlRequest
                0x00000000000013a0      0x164 obj_doxl/protocol/lufa/lufa.o
                0x00000000000013a0                EVENT_USB_Device_ControlRequest
 .text.hook_late_init
                0x0000000000001504        0x2 obj_doxl/protocol/lufa/lufa.o
                0x0000000000001504                hook_late_init
 .text.hook_early_init
                0x0000000000001506        0x4 obj_doxl/protocol/lufa/lufa.o
                0x0000000000001506                hook_early_init
 .text.hook_usb_suspend_entry
                0x000000000000150a       0x1a obj_doxl/protocol/lufa/lufa.o
                0x000000000000150a                hook_usb_suspend_entry
 .text.EVENT_USB_Device_Suspend
                0x0000000000001524        0x4 obj_doxl/protocol/lufa/lufa.o
                0x0000000000001524                EVENT_USB_Device_Suspend
 .text.hook_usb_suspend_loop
                0x0000000000001528       0x18 obj_doxl/protocol/lufa/lufa.o
                0x0000000000001528                hook_usb_suspend_loop
 .text.startup.main
                0x0000000000001540      0x17a obj_doxl/protocol/lufa/lufa.o
                0x0000000000001540                main
 .text.hook_usb_wakeup
                0x00000000000016ba        0xe obj_doxl/protocol/lufa/lufa.o
                0x00000000000016ba                hook_usb_wakeup
 .text.EVENT_USB_Device_WakeUp
                0x00000000000016c8        0x4 obj_doxl/protocol/lufa/lufa.o
                0x00000000000016c8                EVENT_USB_Device_WakeUp
 .text.CALLBACK_USB_GetDescriptor
                0x00000000000016cc       0xac obj_doxl/protocol/lufa/descriptor.o
                0x00000000000016cc                CALLBACK_USB_GetDescriptor
 .text.USB_Device_SendRemoteWakeup
                0x0000000000001778       0x2c obj_doxl/protocol/lufa/LUFA-git/LUFA/Drivers/USB/Core/AVR8/Device_AVR8.o
                0x0000000000001778                USB_Device_SendRemoteWakeup
 .text.Endpoint_Write_Stream_LE
                0x00000000000017a4       0x96 obj_doxl/protocol/lufa/LUFA-git/LUFA/Drivers/USB/Core/AVR8/EndpointStream_AVR8.o
                0x00000000000017a4                Endpoint_Write_Stream_LE
 .text.Endpoint_Write_Control_Stream_LE
                0x000000000000183a       0xbc obj_doxl/protocol/lufa/LUFA-git/LUFA/Drivers/USB/Core/AVR8/EndpointStream_AVR8.o
                0x000000000000183a                Endpoint_Write_Control_Stream_LE
 .text.Endpoint_Write_Control_PStream_LE
                0x00000000000018f6       0xc2 obj_doxl/protocol/lufa/LUFA-git/LUFA/Drivers/USB/Core/AVR8/EndpointStream_AVR8.o
                0x00000000000018f6                Endpoint_Write_Control_PStream_LE
 .text.Endpoint_ConfigureEndpoint_Prv
                0x00000000000019b8       0x6a obj_doxl/protocol/lufa/LUFA-git/LUFA/Drivers/USB/Core/AVR8/Endpoint_AVR8.o
                0x00000000000019b8                Endpoint_ConfigureEndpoint_Prv
 .text.Endpoint_ClearStatusStage
                0x0000000000001a22       0x3e obj_doxl/protocol/lufa/LUFA-git/LUFA/Drivers/USB/Core/AVR8/Endpoint_AVR8.o
                0x0000000000001a22                Endpoint_ClearStatusStage
 .text.Endpoint_WaitUntilReady
                0x0000000000001a60       0x66 obj_doxl/protocol/lufa/LUFA-git/LUFA/Drivers/USB/Core/AVR8/Endpoint_AVR8.o
                0x0000000000001a60                Endpoint_WaitUntilReady
 .text.USB_Disable
                0x0000000000001ac6       0x34 obj_doxl/protocol/lufa/LUFA-git/LUFA/Drivers/USB/Core/AVR8/USBController_AVR8.o
                0x0000000000001ac6                USB_Disable
 .text.USB_ResetInterface
                0x0000000000001afa       0x86 obj_doxl/protocol/lufa/LUFA-git/LUFA/Drivers/USB/Core/AVR8/USBController_AVR8.o
                0x0000000000001afa                USB_ResetInterface
 .text.USB_Init
                0x0000000000001b80       0x22 obj_doxl/protocol/lufa/LUFA-git/LUFA/Drivers/USB/Core/AVR8/USBController_AVR8.o
                0x0000000000001b80                USB_Init
 .text.USB_INT_DisableAllInterrupts
                0x0000000000001ba2       0x10 obj_doxl/protocol/lufa/LUFA-git/LUFA/Drivers/USB/Core/AVR8/USBInterrupt_AVR8.o
                0x0000000000001ba2                USB_INT_DisableAllInterrupts
 .text.USB_INT_ClearAllInterrupts
                0x0000000000001bb2        0xa obj_doxl/protocol/lufa/LUFA-git/LUFA/Drivers/USB/Core/AVR8/USBInterrupt_AVR8.o
                0x0000000000001bb2                USB_INT_ClearAllInterrupts
 .text.__vector_10
                0x0000000000001bbc      0x1a4 obj_doxl/protocol/lufa/LUFA-git/LUFA/Drivers/USB/Core/AVR8/USBInterrupt_AVR8.o
                0x0000000000001bbc                __vector_10
 .text.__vector_11
                0x0000000000001d60       0x88 obj_doxl/protocol/lufa/LUFA-git/LUFA/Drivers/USB/Core/AVR8/USBInterrupt_AVR8.o
                0x0000000000001d60                __vector_11
 .text.USB_Device_ProcessControlRequest
                0x0000000000001de8      0x2ac obj_doxl/protocol/lufa/LUFA-git/LUFA/Drivers/USB/Core/DeviceStandardReq.o
                0x0000000000001de8                USB_Device_ProcessControlRequest
 .text.host_set_driver
                0x0000000000002094        0xa obj_doxl/common/host.o
                0x0000000000002094                host_set_driver
 .text.host_keyboard_leds
                0x000000000000209e       0x18 obj_doxl/common/host.o
                0x000000000000209e                host_keyboard_leds
 .text.host_keyboard_send
                0x00000000000020b6       0x92 obj_doxl/common/host.o
                0x00000000000020b6                host_keyboard_send
 .text.host_mouse_send
                0x0000000000002148       0x16 obj_doxl/common/host.o
                0x0000000000002148                host_mouse_send
 .text.host_system_send
                0x000000000000215e       0x5a obj_doxl/common/host.o
                0x000000000000215e                host_system_send
 .text.host_consumer_send
                0x00000000000021b8       0x5a obj_doxl/common/host.o
                0x00000000000021b8                host_consumer_send
 .text.keyboard_setup
                0x0000000000002212        0x4 obj_doxl/common/keyboard.o
                0x0000000000002212                keyboard_setup
 .text.keyboard_init
                0x0000000000002216        0xc obj_doxl/common/keyboard.o
                0x0000000000002216                keyboard_init
 .text.keyboard_task
                0x0000000000002222      0x146 obj_doxl/common/keyboard.o
                0x0000000000002222                keyboard_task
 .text.keyboard_set_leds
                0x0000000000002368        0x4 obj_doxl/common/keyboard.o
                0x0000000000002368                keyboard_set_leds
 .text.matrix_clear
                0x000000000000236c        0x2 obj_doxl/common/matrix.o
                0x000000000000236c                matrix_clear
 .text.matrix_setup
                0x000000000000236e        0x2 obj_doxl/common/matrix.o
                0x000000000000236e                matrix_setup
 .text.matrix_print
                0x0000000000002370       0x68 obj_doxl/common/matrix.o
                0x0000000000002370                matrix_print
 .text.matrix_power_up
                0x00000000000023d8        0x2 obj_doxl/common/matrix.o
                0x00000000000023d8                matrix_power_up
 .text.matrix_power_down
                0x00000000000023da        0x2 obj_doxl/common/matrix.o
                0x00000000000023da                matrix_power_down
 .text.action_exec
                0x00000000000023dc       0x8c obj_doxl/common/action.o
                0x00000000000023dc                action_exec
 .text.register_code
                0x0000000000002468      0x1dc obj_doxl/common/action.o
                0x0000000000002468                register_code
 .text.unregister_code
                0x0000000000002644       0xd4 obj_doxl/common/action.o
                0x0000000000002644                unregister_code
 .text.register_mods
                0x0000000000002718        0xe obj_doxl/common/action.o
                0x0000000000002718                register_mods
 .text.unregister_mods
                0x0000000000002726        0xe obj_doxl/common/action.o
                0x0000000000002726                unregister_mods
 .text.process_action
                0x0000000000002734      0x5f8 obj_doxl/common/action.o
                0x0000000000002734                process_action
 .text.clear_keyboard_but_mods
                0x0000000000002d2c       0x24 obj_doxl/common/action.o
                0x0000000000002d2c                clear_keyboard_but_mods
 .text.clear_keyboard
                0x0000000000002d50        0x8 obj_doxl/common/action.o
                0x0000000000002d50                clear_keyboard
 .text.is_tap_key
                0x0000000000002d58       0xbc obj_doxl/common/action.o
                0x0000000000002d58                is_tap_key
 .text.debug_event
                0x0000000000002e14       0x1e obj_doxl/common/action.o
                0x0000000000002e14                debug_event
 .text.debug_record
                0x0000000000002e32       0x20 obj_doxl/common/action.o
                0x0000000000002e32                debug_record
 .text.debug_waiting_buffer
                0x0000000000002e52       0x42 obj_doxl/common/action_tapping.o
 .text.debug_tapping_key
                0x0000000000002e94       0x1c obj_doxl/common/action_tapping.o
 .text.waiting_buffer_scan_tap
                0x0000000000002eb0       0xd0 obj_doxl/common/action_tapping.o
 .text.process_tapping
                0x0000000000002f80      0x3e6 obj_doxl/common/action_tapping.o
 .text.action_tapping_process
                0x0000000000003366      0x15c obj_doxl/common/action_tapping.o
                0x0000000000003366                action_tapping_process
 .text.action_macro_play
                0x00000000000034c2      0x136 obj_doxl/common/action_macro.o
                0x00000000000034c2                action_macro_play
 .text.layer_state_set
                0x00000000000035f8       0x14 obj_doxl/common/action_layer.o
 .text.default_layer_debug
                0x000000000000360c        0x2 obj_doxl/common/action_layer.o
                0x000000000000360c                default_layer_debug
 .text.default_layer_set
                0x000000000000360e       0x14 obj_doxl/common/action_layer.o
                0x000000000000360e                default_layer_set
 .text.default_layer_or
                0x0000000000003622       0x34 obj_doxl/common/action_layer.o
                0x0000000000003622                default_layer_or
 .text.default_layer_and
                0x0000000000003656       0x34 obj_doxl/common/action_layer.o
                0x0000000000003656                default_layer_and
 .text.default_layer_xor
                0x000000000000368a       0x34 obj_doxl/common/action_layer.o
                0x000000000000368a                default_layer_xor
 .text.layer_clear
                0x00000000000036be        0xa obj_doxl/common/action_layer.o
                0x00000000000036be                layer_clear
 .text.layer_move
                0x00000000000036c8       0x2a obj_doxl/common/action_layer.o
                0x00000000000036c8                layer_move
 .text.layer_on
                0x00000000000036f2       0x42 obj_doxl/common/action_layer.o
                0x00000000000036f2                layer_on
 .text.layer_off
                0x0000000000003734       0x4a obj_doxl/common/action_layer.o
                0x0000000000003734                layer_off
 .text.layer_invert
                0x000000000000377e       0x42 obj_doxl/common/action_layer.o
                0x000000000000377e                layer_invert
 .text.layer_or
                0x00000000000037c0       0x24 obj_doxl/common/action_layer.o
                0x00000000000037c0                layer_or
 .text.layer_and
                0x00000000000037e4       0x24 obj_doxl/common/action_layer.o
                0x00000000000037e4                layer_and
 .text.layer_xor
                0x0000000000003808       0x24 obj_doxl/common/action_layer.o
                0x0000000000003808                layer_xor
 .text.layer_debug
                0x000000000000382c        0x2 obj_doxl/common/action_layer.o
                0x000000000000382c                layer_debug
 .text.layer_switch_get_action
                0x000000000000382e      0x108 obj_doxl/common/action_layer.o
                0x000000000000382e                layer_switch_get_action
 .text.add_key  0x0000000000003936       0xa0 obj_doxl/common/action_util.o
                0x0000000000003936                add_key
 .text.del_key  0x00000000000039d6       0x88 obj_doxl/common/action_util.o
                0x00000000000039d6                del_key
 .text.clear_keys
                0x0000000000003a5e       0x1c obj_doxl/common/action_util.o
                0x0000000000003a5e                clear_keys
 .text.get_mods
                0x0000000000003a7a        0x6 obj_doxl/common/action_util.o
                0x0000000000003a7a                get_mods
 .text.add_mods
                0x0000000000003a80        0xc obj_doxl/common/action_util.o
                0x0000000000003a80                add_mods
 .text.del_mods
                0x0000000000003a8c        0xe obj_doxl/common/action_util.o
                0x0000000000003a8c                del_mods
 .text.set_mods
                0x0000000000003a9a        0x6 obj_doxl/common/action_util.o
                0x0000000000003a9a                set_mods
 .text.clear_mods
                0x0000000000003aa0        0x6 obj_doxl/common/action_util.o
                0x0000000000003aa0                clear_mods
 .text.add_weak_mods
                0x0000000000003aa6        0xc obj_doxl/common/action_util.o
                0x0000000000003aa6                add_weak_mods
 .text.del_weak_mods
                0x0000000000003ab2        0xe obj_doxl/common/action_util.o
                0x0000000000003ab2                del_weak_mods
 .text.clear_weak_mods
                0x0000000000003ac0        0x6 obj_doxl/common/action_util.o
                0x0000000000003ac0                clear_weak_mods
 .text.set_oneshot_mods
                0x0000000000003ac6        0x6 obj_doxl/common/action_util.o
                0x0000000000003ac6                set_oneshot_mods
 .text.clear_oneshot_mods
                0x0000000000003acc        0x6 obj_doxl/common/action_util.o
                0x0000000000003acc                clear_oneshot_mods
 .text.has_anykey
                0x0000000000003ad2       0x22 obj_doxl/common/action_util.o
                0x0000000000003ad2                has_anykey
 .text.send_keyboard_report
                0x0000000000003af4       0x4c obj_doxl/common/action_util.o
                0x0000000000003af4                send_keyboard_report
 .text.print_set_sendchar
                0x0000000000003b40        0xa obj_doxl/common/print.o
                0x0000000000003b40                print_set_sendchar
 .text.bitrev   0x0000000000003b4a       0x24 obj_doxl/common/util.o
                0x0000000000003b4a                bitrev
 .text.hook_keyboard_loop
                0x0000000000003b6e        0x2 obj_doxl/common/hook.o
                0x0000000000003b6e                hook_keyboard_loop
 .text.hook_matrix_change
                0x0000000000003b70       0x1e obj_doxl/common/hook.o
                0x0000000000003b70                hook_matrix_change
 .text.hook_default_layer_change
                0x0000000000003b8e        0x2 obj_doxl/common/hook.o
                0x0000000000003b8e                hook_default_layer_change
 .text.hook_layer_change
                0x0000000000003b90        0x2 obj_doxl/common/hook.o
                0x0000000000003b90                hook_layer_change
 .text.hook_keyboard_leds_change
                0x0000000000003b92        0x4 obj_doxl/common/hook.o
                0x0000000000003b92                hook_keyboard_leds_change
 .text.hook_bootmagic
                0x0000000000003b96        0x2 obj_doxl/common/hook.o
                0x0000000000003b96                hook_bootmagic
 .text.suspend_power_down
                0x0000000000003b98       0x52 obj_doxl/common/avr/suspend.o
                0x0000000000003b98                suspend_power_down
 .text.suspend_wakeup_condition
                0x0000000000003bea       0x28 obj_doxl/common/avr/suspend.o
                0x0000000000003bea                suspend_wakeup_condition
 .text.suspend_wakeup_init
                0x0000000000003c12        0x8 obj_doxl/common/avr/suspend.o
                0x0000000000003c12                suspend_wakeup_init
 .text.__vector_12
                0x0000000000003c1a       0x52 obj_doxl/common/avr/suspend.o
                0x0000000000003c1a                __vector_12
 .text.timer_init
                0x0000000000003c6c       0x12 obj_doxl/common/avr/timer.o
                0x0000000000003c6c                timer_init
 .text.timer_read
                0x0000000000003c7e       0x18 obj_doxl/common/avr/timer.o
                0x0000000000003c7e                timer_read
 .text.timer_read32
                0x0000000000003c96       0x18 obj_doxl/common/avr/timer.o
                0x0000000000003c96                timer_read32
 .text.timer_elapsed
                0x0000000000003cae       0x54 obj_doxl/common/avr/timer.o
                0x0000000000003cae                timer_elapsed
 .text.__vector_21
                0x0000000000003d02       0x4a obj_doxl/common/avr/timer.o
                0x0000000000003d02                __vector_21
 .text.bootloader_jump
                0x0000000000003d4c       0x44 obj_doxl/common/avr/bootloader.o
                0x0000000000003d4c                bootloader_jump
 .text.keycode_to_action
                0x0000000000003d90      0x128 obj_doxl/common/keymap.o
 .text.action_get_macro
                0x0000000000003eb8        0x6 obj_doxl/common/keymap.o
                0x0000000000003eb8                action_get_macro
 .text.keymap_key_to_keycode
                0x0000000000003ebe       0x20 obj_doxl/common/keymap.o
                0x0000000000003ebe                keymap_key_to_keycode
 .text.keymap_fn_to_action
                0x0000000000003ede       0x12 obj_doxl/common/keymap.o
                0x0000000000003ede                keymap_fn_to_action
 .text.action_for_key
                0x0000000000003ef0       0xe6 obj_doxl/common/keymap.o
                0x0000000000003ef0                action_for_key
 .text.scan_key
                0x0000000000003fd6       0x7e obj_doxl/common/bootmagic.o
 .text.bootmagic_scan_key
                0x0000000000004054       0x24 obj_doxl/common/bootmagic.o
                0x0000000000004054                bootmagic_scan_key
 .text.bootmagic
                0x0000000000004078      0x29c obj_doxl/common/bootmagic.o
                0x0000000000004078                bootmagic
 .text.eeconfig_init
                0x0000000000004314       0x34 obj_doxl/common/avr/eeconfig.o
                0x0000000000004314                eeconfig_init
 .text.eeconfig_is_enabled
                0x0000000000004348       0x16 obj_doxl/common/avr/eeconfig.o
                0x0000000000004348                eeconfig_is_enabled
 .text.eeconfig_read_debug
                0x000000000000435e        0x8 obj_doxl/common/avr/eeconfig.o
                0x000000000000435e                eeconfig_read_debug
 .text.eeconfig_write_debug
                0x0000000000004366        0xa obj_doxl/common/avr/eeconfig.o
                0x0000000000004366                eeconfig_write_debug
 .text.eeconfig_read_default_layer
                0x0000000000004370        0x8 obj_doxl/common/avr/eeconfig.o
                0x0000000000004370                eeconfig_read_default_layer
 .text.eeconfig_write_default_layer
                0x0000000000004378        0xa obj_doxl/common/avr/eeconfig.o
                0x0000000000004378                eeconfig_write_default_layer
 .text.eeconfig_read_keymap
                0x0000000000004382        0x8 obj_doxl/common/avr/eeconfig.o
                0x0000000000004382                eeconfig_read_keymap
 .text.eeconfig_write_keymap
                0x000000000000438a        0xa obj_doxl/common/avr/eeconfig.o
                0x000000000000438a                eeconfig_write_keymap
 .text.move_unit
                0x0000000000004394       0x92 obj_doxl/common/mousekey.o
 .text.wheel_unit
                0x0000000000004426       0x72 obj_doxl/common/mousekey.o
 .text.mousekey_on
                0x0000000000004498       0xd0 obj_doxl/common/mousekey.o
                0x0000000000004498                mousekey_on
 .text.mousekey_off
                0x0000000000004568      0x10a obj_doxl/common/mousekey.o
                0x0000000000004568                mousekey_off
 .text.mousekey_send
                0x0000000000004672      0x11a obj_doxl/common/mousekey.o
                0x0000000000004672                mousekey_send
 .text.mousekey_task
                0x000000000000478c      0x14a obj_doxl/common/mousekey.o
                0x000000000000478c                mousekey_task
 .text.mousekey_clear
                0x00000000000048d6       0x18 obj_doxl/common/mousekey.o
                0x00000000000048d6                mousekey_clear
 .text.mousekey_console_help
                0x00000000000048ee       0x2e obj_doxl/common/command.o
 .text.mousekey_param_inc
                0x000000000000491c      0x146 obj_doxl/common/command.o
 .text.mousekey_param_dec
                0x0000000000004a62       0xfc obj_doxl/common/command.o
 .text.switch_default_layer
                0x0000000000004b5e       0x40 obj_doxl/common/command.o
 .text.command_common
                0x0000000000004b9e      0x4e6 obj_doxl/common/command.o
 .text.command_console_extra
                0x0000000000005084        0x4 obj_doxl/common/command.o
                0x0000000000005084                command_console_extra
 .text.command_extra
                0x0000000000005088        0x4 obj_doxl/common/command.o
                0x0000000000005088                command_extra
 .text.command_proc
                0x000000000000508c      0x2aa obj_doxl/common/command.o
                0x000000000000508c                command_proc
 .text.avr-libc.fplib
                0x0000000000005336        0xe /usr/lib/gcc/avr/5.4.0/../../../avr/lib/avr5/libm.a(fixsfsi.o)
                0x0000000000005336                __fixsfsi
 .text.avr-libc.fplib
                0x0000000000005344       0x5e /usr/lib/gcc/avr/5.4.0/../../../avr/lib/avr5/libm.a(fixunssfsi.o)
                0x0000000000005344                __fixunssfsi
 .text.avr-libc.fplib
                0x00000000000053a2       0x7a /usr/lib/gcc/avr/5.4.0/../../../avr/lib/avr5/libm.a(floatsisf.o)
                0x00000000000053a2                __floatunsisf
                0x00000000000053a6                __floatsisf
 .text.avr-libc.fplib
                0x000000000000541c       0x44 /usr/lib/gcc/avr/5.4.0/../../../avr/lib/avr5/libm.a(fp_split3.o)
                0x000000000000541c                __fp_split3
                0x000000000000542c                __fp_splitA
 .text.avr-libc.fplib
                0x0000000000005460        0xe /usr/lib/gcc/avr/5.4.0/../../../avr/lib/avr5/libm.a(fp_zero.o)
                0x0000000000005460                __fp_zero
                0x0000000000005462                __fp_szero
 .text.avr-libc.fplib
                0x000000000000546e        0x8 /usr/lib/gcc/avr/5.4.0/../../../avr/lib/avr5/libm.a(mulsf3.o)
                0x000000000000546e                __mulsf3
 .text.avr-libc.fplib
                0x0000000000005476       0xd2 /usr/lib/gcc/avr/5.4.0/../../../avr/lib/avr5/libm.a(mulsf3x.o)
                0x0000000000005494                __mulsf3x
                0x000000000000549a                __mulsf3_pse
 .text.avr-libc.fplib
                0x0000000000005548        0xc /usr/lib/gcc/avr/5.4.0/../../../avr/lib/avr5/libm.a(fp_inf.o)
                0x0000000000005548                __fp_inf
 .text.avr-libc.fplib
                0x0000000000005554        0x6 /usr/lib/gcc/avr/5.4.0/../../../avr/lib/avr5/libm.a(fp_nan.o)
                0x0000000000005554                __fp_nan
 .text.avr-libc.fplib
                0x000000000000555a        0xe /usr/lib/gcc/avr/5.4.0/../../../avr/lib/avr5/libm.a(fp_pscA.o)
                0x000000000000555a                __fp_pscA
 .text.avr-libc.fplib
                0x0000000000005568        0xe /usr/lib/gcc/avr/5.4.0/../../../avr/lib/avr5/libm.a(fp_pscB.o)
                0x0000000000005568                __fp_pscB
 .text.avr-libc.fplib
                0x0000000000005576       0x22 /usr/lib/gcc/avr/5.4.0/../../../avr/lib/avr5/libm.a(fp_round.o)
                0x0000000000005576                __fp_round
 .text.libgcc.div
                0x0000000000005598       0x28 /usr/lib/gcc/avr/5.4.0/avr5/libgcc.a(_divmodhi4.o)
                0x0000000000005598                __divmodhi4
                0x0000000000005598                _div
 .text.libgcc   0x00000000000055c0        0xc /usr/lib/gcc/avr/5.4.0/avr5/libgcc.a(_tablejump2.o)
                0x00000000000055c0                __tablejump2__
 .text.libgcc.div
                0x00000000000055cc       0x28 /usr/lib/gcc/avr/5.4.0/avr5/libgcc.a(_udivmodhi4.o)
                0x00000000000055cc                __udivmodhi4
 .text.avr-libc
                0x00000000000055f4       0x10 /usr/lib/gcc/avr/5.4.0/../../../avr/lib/avr5/libatmega32u4.a(eerd_byte.o)
                0x00000000000055f4                eeprom_read_byte
 .text.avr-libc
                0x0000000000005604        0xc /usr/lib/gcc/avr/5.4.0/../../../avr/lib/avr5/libatmega32u4.a(eerd_word.o)
                0x0000000000005604                eeprom_read_word
 .text.avr-libc
                0x0000000000005610       0x1c /usr/lib/gcc/avr/5.4.0/../../../avr/lib/avr5/libatmega32u4.a(eewr_byte.o)
                0x0000000000005610                eeprom_write_byte
                0x0000000000005612                eeprom_write_r18
 .text.avr-libc
                0x000000000000562c        0xa /usr/lib/gcc/avr/5.4.0/../../../avr/lib/avr5/libatmega32u4.a(eewr_word.o)
                0x000000000000562c                eeprom_write_word
 .text.avr-libc
                0x0000000000005636       0x20 /usr/lib/gcc/avr/5.4.0/../../../avr/lib/avr5/libatmega32u4.a(eerd_block.o)
                0x0000000000005636                eeprom_read_block
                0x000000000000563a                eeprom_read_blraw
                0x0000000000005656                . = ALIGN (0x2)
 *(.fini9)
 .fini9         0x0000000000005656        0x0 /usr/lib/gcc/avr/5.4.0/avr5/libgcc.a(_exit.o)
                0x0000000000005656                exit
                0x0000000000005656                _exit
 *(.fini9)
 *(.fini8)
 *(.fini8)
 *(.fini7)
 *(.fini7)
 *(.fini6)
 *(.fini6)
 *(.fini5)
 *(.fini5)
 *(.fini4)
 *(.fini4)
 *(.fini3)
 *(.fini3)
 *(.fini2)
 *(.fini2)
 *(.fini1)
 *(.fini1)
 *(.fini0)
 .fini0         0x0000000000005656        0x4 /usr/lib/gcc/avr/5.4.0/avr5/libgcc.a(_exit.o)
 *(.fini0)
                0x000000000000565a                _etext = .

.data           0x0000000000800100       0x3e load address 0x000000000000565a
                0x0000000000800100                PROVIDE (__data_start, .)
 *(.data)
 *(.data*)
 .data.debouncing
                0x0000000000800100        0x1 obj_doxl/matrix.o
 .data.sendbuf  0x0000000000800101        0x5 obj_doxl/protocol/lufa/lufa.o
 .data.lufa_driver
                0x0000000000800106        0xa obj_doxl/protocol/lufa/lufa.o
                0x0000000000800106                lufa_driver
 .data.keyboard_protocol
                0x0000000000800110        0x1 obj_doxl/protocol/lufa/lufa.o
                0x0000000000800110                keyboard_protocol
 .data.keyboard_nkro
                0x0000000000800111        0x1 obj_doxl/common/host.o
                0x0000000000800111                keyboard_nkro
 .data.keyboard_report
                0x0000000000800112        0x2 obj_doxl/common/action_util.o
                0x0000000000800112                keyboard_report
 .data.mk_wheel_time_to_max
                0x0000000000800114        0x1 obj_doxl/common/mousekey.o
                0x0000000000800114                mk_wheel_time_to_max
 .data.mk_wheel_max_speed
                0x0000000000800115        0x1 obj_doxl/common/mousekey.o
                0x0000000000800115                mk_wheel_max_speed
 .data.mk_time_to_max
                0x0000000000800116        0x1 obj_doxl/common/mousekey.o
                0x0000000000800116                mk_time_to_max
 .data.mk_max_speed
                0x0000000000800117        0x1 obj_doxl/common/mousekey.o
                0x0000000000800117                mk_max_speed
 .data.mk_interval
                0x0000000000800118        0x1 obj_doxl/common/mousekey.o
                0x0000000000800118                mk_interval
 .data.mk_delay
                0x0000000000800119        0x1 obj_doxl/common/mousekey.o
                0x0000000000800119                mk_delay
 *(.gnu.linkonce.d*)
 *(.rodata)
 *(.rodata*)
 .rodata.CSWTCH.3
                0x000000000080011a        0x5 obj_doxl/protocol/lufa/descriptor.o
 .rodata.CSWTCH.2
                0x000000000080011f        0xa obj_doxl/protocol/lufa/descriptor.o
 .rodata.CSWTCH.1
                0x0000000000800129        0xa obj_doxl/protocol/lufa/descriptor.o
 .rodata.str1.1
                0x0000000000800133        0x1 obj_doxl/common/matrix.o
 .rodata.CSWTCH.43
                0x0000000000800134        0xa obj_doxl/common/command.o
 *(.gnu.linkonce.r*)
                0x000000000080013e                . = ALIGN (0x2)
                0x000000000080013e                _edata = .
                0x000000000080013e                PROVIDE (__data_end, .)

.bss            0x000000000080013e      0x1ed
                0x000000000080013e                PROVIDE (__bss_start, .)
 *(.bss)
 .bss           0x000000000080013e        0x2 obj_doxl/common/avr/xprintf.o
                0x000000000080013e                xfunc_out
 *(.bss*)
 .bss.matrix_debouncing
                0x0000000000800140        0x6 obj_doxl/matrix.o
 .bss.matrix    0x0000000000800146        0x6 obj_doxl/matrix.o
 .bss.fn.5009   0x000000000080014c        0x2 obj_doxl/protocol/lufa/lufa.o
 .bss.hid_listen_ready.4986
                0x000000000080014e        0x1 obj_doxl/protocol/lufa/lufa.o
 .bss._led_stats
                0x000000000080014f        0x1 obj_doxl/protocol/lufa/lufa.o
 .bss.sbuf      0x0000000000800150      0x100 obj_doxl/protocol/lufa/lufa.o
 .bss.keyboard_report_sent
                0x0000000000800250       0x20 obj_doxl/protocol/lufa/lufa.o
 .bss.keyboard_led_stats
                0x0000000000800270        0x1 obj_doxl/protocol/lufa/lufa.o
 .bss.keyboard_idle
                0x0000000000800271        0x1 obj_doxl/protocol/lufa/lufa.o
                0x0000000000800271                keyboard_idle
 .bss.last_consumer_report
                0x0000000000800272        0x2 obj_doxl/common/host.o
 .bss.last_system_report
                0x0000000000800274        0x2 obj_doxl/common/host.o
 .bss.driver    0x0000000000800276        0x2 obj_doxl/common/host.o
 .bss.led_status.4977
                0x0000000000800278        0x1 obj_doxl/common/keyboard.o
 .bss.matrix_prev.4976
                0x0000000000800279        0x6 obj_doxl/common/keyboard.o
 .bss.waiting_buffer_tail
                0x000000000080027f        0x1 obj_doxl/common/action_tapping.o
 .bss.waiting_buffer_head
                0x0000000000800280        0x1 obj_doxl/common/action_tapping.o
 .bss.waiting_buffer
                0x0000000000800281       0x30 obj_doxl/common/action_tapping.o
 .bss.tapping_key
                0x00000000008002b1        0x6 obj_doxl/common/action_tapping.o
 .bss.layer_pressed
                0x00000000008002b7       0x2a obj_doxl/common/action_layer.o
 .bss.layer_state
                0x00000000008002e1        0x4 obj_doxl/common/action_layer.o
                0x00000000008002e1                layer_state
 .bss.default_layer_state
                0x00000000008002e5        0x4 obj_doxl/common/action_layer.o
                0x00000000008002e5                default_layer_state
 .bss.oneshot_mods
                0x00000000008002e9        0x1 obj_doxl/common/action_util.o
 .bss.__compound_literal.0
                0x00000000008002ea       0x20 obj_doxl/common/action_util.o
 .bss.weak_mods
                0x000000000080030a        0x1 obj_doxl/common/action_util.o
 .bss.real_mods
                0x000000000080030b        0x1 obj_doxl/common/action_util.o
 .bss.debug_config
                0x000000000080030c        0x1 obj_doxl/common/debug.o
                0x000000000080030c                debug_config
 .bss.wdt_timeout
                0x000000000080030d        0x1 obj_doxl/common/avr/suspend.o
 .bss.timer_count
                0x000000000080030e        0x4 obj_doxl/common/avr/timer.o
                0x000000000080030e                timer_count
 .bss.last_timer
                0x0000000000800312        0x2 obj_doxl/common/mousekey.o
 .bss.mousekey_accel
                0x0000000000800314        0x1 obj_doxl/common/mousekey.o
 .bss.mousekey_repeat
                0x0000000000800315        0x1 obj_doxl/common/mousekey.o
 .bss.mouse_report
                0x0000000000800316        0x5 obj_doxl/common/mousekey.o
 .bss.mousekey_param
                0x000000000080031b        0x1 obj_doxl/common/command.o
 .bss.command_state
                0x000000000080031c        0x1 obj_doxl/common/command.o
                0x000000000080031c                command_state
 *(COMMON)
 COMMON         0x000000000080031d        0x3 obj_doxl/protocol/lufa/LUFA-git/LUFA/Drivers/USB/Core/DeviceStandardReq.o
                0x000000000080031d                USB_Device_ConfigurationNumber
                0x000000000080031e                USB_Device_CurrentlySelfPowered
                0x000000000080031f                USB_Device_RemoteWakeupEnabled
 COMMON         0x0000000000800320        0xa obj_doxl/protocol/lufa/LUFA-git/LUFA/Drivers/USB/Core/USBTask.o
                0x0000000000800320                USB_IsInitialized
                0x0000000000800321                USB_DeviceState
                0x0000000000800322                USB_ControlRequest
 COMMON         0x000000000080032a        0x1 obj_doxl/common/bootmagic.o
                0x000000000080032a                keymap_config
                0x000000000080032b                PROVIDE (__bss_end, .)
                0x000000000000565a                __data_load_start = LOADADDR (.data)
                0x0000000000005698                __data_load_end = (__data_load_start + SIZEOF (.data))

.noinit         0x000000000080032b        0x4
                [!provide]                        PROVIDE (__noinit_start, .)
 *(.noinit*)
 .noinit        0x000000000080032b        0x4 obj_doxl/common/avr/bootloader.o
                0x000000000080032b                reset_key
                [!provide]                        PROVIDE (__noinit_end, .)
                0x000000000080032f                _end = .
                [!provide]                        PROVIDE (__heap_start, .)

.eeprom         0x0000000000810000        0x0
 *(.eeprom*)
                0x0000000000810000                __eeprom_end = .

.fuse
 *(.fuse)
 *(.lfuse)
 *(.hfuse)
 *(.efuse)

.lock
 *(.lock*)

.signature
 *(.signature*)

.user_signatures
 *(.user_signatures*)

.stab           0x0000000000000000      0x8b8
 *(.stab)
 .stab          0x0000000000000000      0x8b8 obj_doxl/common/avr/xprintf.o

.stabstr        0x0000000000000000       0x73
 *(.stabstr)
 .stabstr       0x0000000000000000       0x73 obj_doxl/common/avr/xprintf.o

.stab.excl
 *(.stab.excl)

.stab.exclstr
 *(.stab.exclstr)

.stab.index
 *(.stab.index)

.stab.indexstr
 *(.stab.indexstr)

.comment        0x0000000000000000       0x11
 *(.comment)
 .comment       0x0000000000000000       0x11 obj_doxl/keymap_macro.o
                                         0x12 (size before relaxing)
 .comment       0x0000000000000011       0x12 obj_doxl/matrix.o
 .comment       0x0000000000000011       0x12 obj_doxl/led.o
 .comment       0x0000000000000011       0x12 obj_doxl/protocol/lufa/lufa.o
 .comment       0x0000000000000011       0x12 obj_doxl/protocol/lufa/descriptor.o
 .comment       0x0000000000000011       0x12 obj_doxl/protocol/lufa/LUFA-git/LUFA/Drivers/USB/Core/AVR8/Device_AVR8.o
 .comment       0x0000000000000011       0x12 obj_doxl/protocol/lufa/LUFA-git/LUFA/Drivers/USB/Core/AVR8/EndpointStream_AVR8.o
 .comment       0x0000000000000011       0x12 obj_doxl/protocol/lufa/LUFA-git/LUFA/Drivers/USB/Core/AVR8/Endpoint_AVR8.o
 .comment       0x0000000000000011       0x12 obj_doxl/protocol/lufa/LUFA-git/LUFA/Drivers/USB/Core/AVR8/USBController_AVR8.o
 .comment       0x0000000000000011       0x12 obj_doxl/protocol/lufa/LUFA-git/LUFA/Drivers/USB/Core/AVR8/USBInterrupt_AVR8.o
 .comment       0x0000000000000011       0x12 obj_doxl/protocol/lufa/LUFA-git/LUFA/Drivers/USB/Core/DeviceStandardReq.o
 .comment       0x0000000000000011       0x12 obj_doxl/protocol/lufa/LUFA-git/LUFA/Drivers/USB/Core/USBTask.o
 .comment       0x0000000000000011       0x12 obj_doxl/common/host.o
 .comment       0x0000000000000011       0x12 obj_doxl/common/keyboard.o
 .comment       0x0000000000000011       0x12 obj_doxl/common/matrix.o
 .comment       0x0000000000000011       0x12 obj_doxl/common/action.o
 .comment       0x0000000000000011       0x12 obj_doxl/common/action_tapping.o
 .comment       0x0000000000000011       0x12 obj_doxl/common/action_macro.o
 .comment       0x0000000000000011       0x12 obj_doxl/common/action_layer.o
 .comment       0x0000000000000011       0x12 obj_doxl/common/action_util.o
 .comment       0x0000000000000011       0x12 obj_doxl/common/print.o
 .comment       0x0000000000000011       0x12 obj_doxl/common/debug.o
 .comment       0x0000000000000011       0x12 obj_doxl/common/util.o
 .comment       0x0000000000000011       0x12 obj_doxl/common/hook.o
 .comment       0x0000000000000011       0x12 obj_doxl/common/avr/suspend.o
 .comment       0x0000000000000011       0x12 obj_doxl/common/avr/timer.o
 .comment       0x0000000000000011       0x12 obj_doxl/common/avr/bootloader.o
 .comment       0x0000000000000011       0x12 obj_doxl/common/keymap.o
 .comment       0x0000000000000011       0x12 obj_doxl/common/bootmagic.o
 .comment       0x0000000000000011       0x12 obj_doxl/common/avr/eeconfig.o
 .comment       0x0000000000000011       0x12 obj_doxl/common/mousekey.o
 .comment       0x0000000000000011       0x12 obj_doxl/common/command.o

.note.gnu.avr.deviceinfo
                0x0000000000000000       0x40
 .note.gnu.avr.deviceinfo
                0x0000000000000000       0x40 /usr/lib/gcc/avr/5.4.0/../../../avr/lib/avr5/crtatmega32u4.o

.note.gnu.build-id
 *(.note.gnu.build-id)

.debug
 *(.debug)

.line
 *(.line)

.debug_srcinfo
 *(.debug_srcinfo)

.debug_sfnames
 *(.debug_sfnames)

.debug_aranges  0x0000000000000000      0x920
 *(.debug_aranges)
 .debug_aranges
                0x0000000000000000       0x28 obj_doxl/keymap_macro.o
 .debug_aranges
                0x0000000000000028       0x38 obj_doxl/matrix.o
 .debug_aranges
                0x0000000000000060       0x20 obj_doxl/led.o
 .debug_aranges
                0x0000000000000080       0xb0 obj_doxl/protocol/lufa/lufa.o
 .debug_aranges
                0x0000000000000130       0x20 obj_doxl/protocol/lufa/descriptor.o
 .debug_aranges
                0x0000000000000150       0x20 obj_doxl/protocol/lufa/LUFA-git/LUFA/Drivers/USB/Core/AVR8/Device_AVR8.o
 .debug_aranges
                0x0000000000000170       0xc8 obj_doxl/protocol/lufa/LUFA-git/LUFA/Drivers/USB/Core/AVR8/EndpointStream_AVR8.o
 .debug_aranges
                0x0000000000000238       0x40 obj_doxl/protocol/lufa/LUFA-git/LUFA/Drivers/USB/Core/AVR8/Endpoint_AVR8.o
 .debug_aranges
                0x0000000000000278       0x30 obj_doxl/protocol/lufa/LUFA-git/LUFA/Drivers/USB/Core/AVR8/USBController_AVR8.o
 .debug_aranges
                0x00000000000002a8       0x38 obj_doxl/protocol/lufa/LUFA-git/LUFA/Drivers/USB/Core/AVR8/USBInterrupt_AVR8.o
 .debug_aranges
                0x00000000000002e0       0x20 obj_doxl/protocol/lufa/LUFA-git/LUFA/Drivers/USB/Core/DeviceStandardReq.o
 .debug_aranges
                0x0000000000000300       0x20 obj_doxl/protocol/lufa/LUFA-git/LUFA/Drivers/USB/Core/USBTask.o
 .debug_aranges
                0x0000000000000320       0x60 obj_doxl/common/host.o
 .debug_aranges
                0x0000000000000380       0x38 obj_doxl/common/keyboard.o
 .debug_aranges
                0x00000000000003b8       0x40 obj_doxl/common/matrix.o
 .debug_aranges
                0x00000000000003f8       0x80 obj_doxl/common/action.o
 .debug_aranges
                0x0000000000000478       0x40 obj_doxl/common/action_tapping.o
 .debug_aranges
                0x00000000000004b8       0x20 obj_doxl/common/action_macro.o
 .debug_aranges
                0x00000000000004d8       0x90 obj_doxl/common/action_layer.o
 .debug_aranges
                0x0000000000000568       0xb0 obj_doxl/common/action_util.o
 .debug_aranges
                0x0000000000000618       0x20 obj_doxl/common/print.o
 .debug_aranges
                0x0000000000000638       0x18 obj_doxl/common/debug.o
 .debug_aranges
                0x0000000000000650       0x60 obj_doxl/common/util.o
 .debug_aranges
                0x00000000000006b0       0x38 obj_doxl/common/hook.o
 .debug_aranges
                0x00000000000006e8       0x40 obj_doxl/common/avr/suspend.o
 .debug_aranges
                0x0000000000000728       0x50 obj_doxl/common/avr/timer.o
 .debug_aranges
                0x0000000000000778       0x28 obj_doxl/common/avr/bootloader.o
 .debug_aranges
                0x00000000000007a0       0x48 obj_doxl/common/keymap.o
 .debug_aranges
                0x00000000000007e8       0x30 obj_doxl/common/bootmagic.o
 .debug_aranges
                0x0000000000000818       0x68 obj_doxl/common/avr/eeconfig.o
 .debug_aranges
                0x0000000000000880       0x50 obj_doxl/common/mousekey.o
 .debug_aranges
                0x00000000000008d0       0x50 obj_doxl/common/command.o

.debug_pubnames
 *(.debug_pubnames)

.debug_info     0x0000000000000000    0x10aa0
 *(.debug_info .gnu.linkonce.wi.*)
 .debug_info    0x0000000000000000      0x9f4 /usr/lib/gcc/avr/5.4.0/../../../avr/lib/avr5/crtatmega32u4.o
 .debug_info    0x00000000000009f4      0xd72 obj_doxl/keymap_macro.o
 .debug_info    0x0000000000001766      0x407 obj_doxl/matrix.o
 .debug_info    0x0000000000001b6d       0x91 obj_doxl/led.o
 .debug_info    0x0000000000001bfe     0x1829 obj_doxl/protocol/lufa/lufa.o
 .debug_info    0x0000000000003427      0x825 obj_doxl/protocol/lufa/descriptor.o
 .debug_info    0x0000000000003c4c       0xd2 obj_doxl/protocol/lufa/LUFA-git/LUFA/Drivers/USB/Core/AVR8/Device_AVR8.o
 .debug_info    0x0000000000003d1e     0x17c8 obj_doxl/protocol/lufa/LUFA-git/LUFA/Drivers/USB/Core/AVR8/EndpointStream_AVR8.o
 .debug_info    0x00000000000054e6      0x620 obj_doxl/protocol/lufa/LUFA-git/LUFA/Drivers/USB/Core/AVR8/Endpoint_AVR8.o
 .debug_info    0x0000000000005b06      0x4e7 obj_doxl/protocol/lufa/LUFA-git/LUFA/Drivers/USB/Core/AVR8/USBController_AVR8.o
 .debug_info    0x0000000000005fed      0x7e7 obj_doxl/protocol/lufa/LUFA-git/LUFA/Drivers/USB/Core/AVR8/USBInterrupt_AVR8.o
 .debug_info    0x00000000000067d4      0xa2b obj_doxl/protocol/lufa/LUFA-git/LUFA/Drivers/USB/Core/DeviceStandardReq.o
 .debug_info    0x00000000000071ff      0x272 obj_doxl/protocol/lufa/LUFA-git/LUFA/Drivers/USB/Core/USBTask.o
 .debug_info    0x0000000000007471      0x546 obj_doxl/common/host.o
 .debug_info    0x00000000000079b7      0x465 obj_doxl/common/keyboard.o
 .debug_info    0x0000000000007e1c      0x14f obj_doxl/common/matrix.o
 .debug_info    0x0000000000007f6b     0x17c5 obj_doxl/common/action.o
 .debug_info    0x0000000000009730      0xe4d obj_doxl/common/action_tapping.o
 .debug_info    0x000000000000a57d      0x917 obj_doxl/common/action_macro.o
 .debug_info    0x000000000000ae94      0x8af obj_doxl/common/action_layer.o
 .debug_info    0x000000000000b743      0x6f6 obj_doxl/common/action_util.o
 .debug_info    0x000000000000be39       0xda obj_doxl/common/print.o
 .debug_info    0x000000000000bf13       0xfc obj_doxl/common/debug.o
 .debug_info    0x000000000000c00f      0x2a2 obj_doxl/common/util.o
 .debug_info    0x000000000000c2b1      0x1c9 obj_doxl/common/hook.o
 .debug_info    0x000000000000c47a      0x2c4 obj_doxl/common/avr/suspend.o
 .debug_info    0x000000000000c73e      0x204 obj_doxl/common/avr/timer.o
 .debug_info    0x000000000000c942      0x206 obj_doxl/common/avr/bootloader.o
 .debug_info    0x000000000000cb48      0xf83 obj_doxl/common/keymap.o
 .debug_info    0x000000000000dacb      0xfee obj_doxl/common/bootmagic.o
 .debug_info    0x000000000000eab9      0x37b obj_doxl/common/avr/eeconfig.o
 .debug_info    0x000000000000ee34      0x77f obj_doxl/common/mousekey.o
 .debug_info    0x000000000000f5b3     0x14ed obj_doxl/common/command.o

.debug_abbrev   0x0000000000000000     0x4419
 *(.debug_abbrev)
 .debug_abbrev  0x0000000000000000      0x96a /usr/lib/gcc/avr/5.4.0/../../../avr/lib/avr5/crtatmega32u4.o
 .debug_abbrev  0x000000000000096a      0x203 obj_doxl/keymap_macro.o
 .debug_abbrev  0x0000000000000b6d      0x246 obj_doxl/matrix.o
 .debug_abbrev  0x0000000000000db3       0x60 obj_doxl/led.o
 .debug_abbrev  0x0000000000000e13      0x4dc obj_doxl/protocol/lufa/lufa.o
 .debug_abbrev  0x00000000000012ef      0x184 obj_doxl/protocol/lufa/descriptor.o
 .debug_abbrev  0x0000000000001473       0x80 obj_doxl/protocol/lufa/LUFA-git/LUFA/Drivers/USB/Core/AVR8/Device_AVR8.o
 .debug_abbrev  0x00000000000014f3      0x1ea obj_doxl/protocol/lufa/LUFA-git/LUFA/Drivers/USB/Core/AVR8/EndpointStream_AVR8.o
 .debug_abbrev  0x00000000000016dd      0x226 obj_doxl/protocol/lufa/LUFA-git/LUFA/Drivers/USB/Core/AVR8/Endpoint_AVR8.o
 .debug_abbrev  0x0000000000001903      0x191 obj_doxl/protocol/lufa/LUFA-git/LUFA/Drivers/USB/Core/AVR8/USBController_AVR8.o
 .debug_abbrev  0x0000000000001a94      0x213 obj_doxl/protocol/lufa/LUFA-git/LUFA/Drivers/USB/Core/AVR8/USBInterrupt_AVR8.o
 .debug_abbrev  0x0000000000001ca7      0x29c obj_doxl/protocol/lufa/LUFA-git/LUFA/Drivers/USB/Core/DeviceStandardReq.o
 .debug_abbrev  0x0000000000001f43      0x16b obj_doxl/protocol/lufa/LUFA-git/LUFA/Drivers/USB/Core/USBTask.o
 .debug_abbrev  0x00000000000020ae      0x20b obj_doxl/common/host.o
 .debug_abbrev  0x00000000000022b9      0x1b0 obj_doxl/common/keyboard.o
 .debug_abbrev  0x0000000000002469       0xf8 obj_doxl/common/matrix.o
 .debug_abbrev  0x0000000000002561      0x2d8 obj_doxl/common/action.o
 .debug_abbrev  0x0000000000002839      0x2c3 obj_doxl/common/action_tapping.o
 .debug_abbrev  0x0000000000002afc      0x17b obj_doxl/common/action_macro.o
 .debug_abbrev  0x0000000000002c77      0x2a6 obj_doxl/common/action_layer.o
 .debug_abbrev  0x0000000000002f1d      0x2e7 obj_doxl/common/action_util.o
 .debug_abbrev  0x0000000000003204       0x97 obj_doxl/common/print.o
 .debug_abbrev  0x000000000000329b       0x87 obj_doxl/common/debug.o
 .debug_abbrev  0x0000000000003322       0xcb obj_doxl/common/util.o
 .debug_abbrev  0x00000000000033ed      0x13e obj_doxl/common/hook.o
 .debug_abbrev  0x000000000000352b      0x1ba obj_doxl/common/avr/suspend.o
 .debug_abbrev  0x00000000000036e5      0x11e obj_doxl/common/avr/timer.o
 .debug_abbrev  0x0000000000003803      0x171 obj_doxl/common/avr/bootloader.o
 .debug_abbrev  0x0000000000003974      0x27d obj_doxl/common/keymap.o
 .debug_abbrev  0x0000000000003bf1      0x24c obj_doxl/common/bootmagic.o
 .debug_abbrev  0x0000000000003e3d       0xc2 obj_doxl/common/avr/eeconfig.o
 .debug_abbrev  0x0000000000003eff      0x1fe obj_doxl/common/mousekey.o
 .debug_abbrev  0x00000000000040fd      0x31c obj_doxl/common/command.o

.debug_line     0x0000000000000000     0x79f1
 *(.debug_line .debug_line.* .debug_line_end)
 .debug_line    0x0000000000000000       0x1a /usr/lib/gcc/avr/5.4.0/../../../avr/lib/avr5/crtatmega32u4.o
 .debug_line    0x000000000000001a      0x151 obj_doxl/keymap_macro.o
 .debug_line    0x000000000000016b      0x297 obj_doxl/matrix.o
 .debug_line    0x0000000000000402       0x6c obj_doxl/led.o
 .debug_line    0x000000000000046e      0xb4e obj_doxl/protocol/lufa/lufa.o
 .debug_line    0x0000000000000fbc      0x218 obj_doxl/protocol/lufa/descriptor.o
 .debug_line    0x00000000000011d4      0x144 obj_doxl/protocol/lufa/LUFA-git/LUFA/Drivers/USB/Core/AVR8/Device_AVR8.o
 .debug_line    0x0000000000001318     0x1468 obj_doxl/protocol/lufa/LUFA-git/LUFA/Drivers/USB/Core/AVR8/EndpointStream_AVR8.o
 .debug_line    0x0000000000002780      0x523 obj_doxl/protocol/lufa/LUFA-git/LUFA/Drivers/USB/Core/AVR8/Endpoint_AVR8.o
 .debug_line    0x0000000000002ca3      0x36b obj_doxl/protocol/lufa/LUFA-git/LUFA/Drivers/USB/Core/AVR8/USBController_AVR8.o
 .debug_line    0x000000000000300e      0x5d5 obj_doxl/protocol/lufa/LUFA-git/LUFA/Drivers/USB/Core/AVR8/USBInterrupt_AVR8.o
 .debug_line    0x00000000000035e3      0x4d6 obj_doxl/protocol/lufa/LUFA-git/LUFA/Drivers/USB/Core/DeviceStandardReq.o
 .debug_line    0x0000000000003ab9      0x1b4 obj_doxl/protocol/lufa/LUFA-git/LUFA/Drivers/USB/Core/USBTask.o
 .debug_line    0x0000000000003c6d      0x2aa obj_doxl/common/host.o
 .debug_line    0x0000000000003f17      0x26d obj_doxl/common/keyboard.o
 .debug_line    0x0000000000004184      0x100 obj_doxl/common/matrix.o
 .debug_line    0x0000000000004284      0x9d4 obj_doxl/common/action.o
 .debug_line    0x0000000000004c58      0x519 obj_doxl/common/action_tapping.o
 .debug_line    0x0000000000005171      0x1f3 obj_doxl/common/action_macro.o
 .debug_line    0x0000000000005364      0x2d7 obj_doxl/common/action_layer.o
 .debug_line    0x000000000000563b      0x3ba obj_doxl/common/action_util.o
 .debug_line    0x00000000000059f5       0x99 obj_doxl/common/print.o
 .debug_line    0x0000000000005a8e       0x67 obj_doxl/common/debug.o
 .debug_line    0x0000000000005af5      0x287 obj_doxl/common/util.o
 .debug_line    0x0000000000005d7c       0xbb obj_doxl/common/hook.o
 .debug_line    0x0000000000005e37      0x254 obj_doxl/common/avr/suspend.o
 .debug_line    0x000000000000608b      0x1bf obj_doxl/common/avr/timer.o
 .debug_line    0x000000000000624a      0x1cd obj_doxl/common/avr/bootloader.o
 .debug_line    0x0000000000006417      0x3a6 obj_doxl/common/keymap.o
 .debug_line    0x00000000000067bd      0x40a obj_doxl/common/bootmagic.o
 .debug_line    0x0000000000006bc7      0x180 obj_doxl/common/avr/eeconfig.o
 .debug_line    0x0000000000006d47      0x61e obj_doxl/common/mousekey.o
 .debug_line    0x0000000000007365      0x68c obj_doxl/common/command.o

.debug_frame    0x0000000000000000     0x1a90
 *(.debug_frame)
 .debug_frame   0x0000000000000000       0x34 obj_doxl/keymap_macro.o
 .debug_frame   0x0000000000000034       0x9c obj_doxl/matrix.o
 .debug_frame   0x00000000000000d0       0x24 obj_doxl/led.o
 .debug_frame   0x00000000000000f4      0x1b0 obj_doxl/protocol/lufa/lufa.o
 .debug_frame   0x00000000000002a4       0x24 obj_doxl/protocol/lufa/descriptor.o
 .debug_frame   0x00000000000002c8       0x24 obj_doxl/protocol/lufa/LUFA-git/LUFA/Drivers/USB/Core/AVR8/Device_AVR8.o
 .debug_frame   0x00000000000002ec      0x42c obj_doxl/protocol/lufa/LUFA-git/LUFA/Drivers/USB/Core/AVR8/EndpointStream_AVR8.o
 .debug_frame   0x0000000000000718       0x7c obj_doxl/protocol/lufa/LUFA-git/LUFA/Drivers/USB/Core/AVR8/Endpoint_AVR8.o
 .debug_frame   0x0000000000000794       0x5c obj_doxl/protocol/lufa/LUFA-git/LUFA/Drivers/USB/Core/AVR8/USBController_AVR8.o
 .debug_frame   0x00000000000007f0      0x108 obj_doxl/protocol/lufa/LUFA-git/LUFA/Drivers/USB/Core/AVR8/USBInterrupt_AVR8.o
 .debug_frame   0x00000000000008f8       0x3c obj_doxl/protocol/lufa/LUFA-git/LUFA/Drivers/USB/Core/DeviceStandardReq.o
 .debug_frame   0x0000000000000934       0x2c obj_doxl/protocol/lufa/LUFA-git/LUFA/Drivers/USB/Core/USBTask.o
 .debug_frame   0x0000000000000960      0x110 obj_doxl/common/host.o
 .debug_frame   0x0000000000000a70       0x90 obj_doxl/common/keyboard.o
 .debug_frame   0x0000000000000b00       0xdc obj_doxl/common/matrix.o
 .debug_frame   0x0000000000000bdc      0x180 obj_doxl/common/action.o
 .debug_frame   0x0000000000000d5c       0xdc obj_doxl/common/action_tapping.o
 .debug_frame   0x0000000000000e38       0x50 obj_doxl/common/action_macro.o
 .debug_frame   0x0000000000000e88      0x1d4 obj_doxl/common/action_layer.o
 .debug_frame   0x000000000000105c      0x170 obj_doxl/common/action_util.o
 .debug_frame   0x00000000000011cc       0x24 obj_doxl/common/print.o
 .debug_frame   0x00000000000011f0      0x110 obj_doxl/common/util.o
 .debug_frame   0x0000000000001300       0x88 obj_doxl/common/hook.o
 .debug_frame   0x0000000000001388       0x90 obj_doxl/common/avr/suspend.o
 .debug_frame   0x0000000000001418       0xf0 obj_doxl/common/avr/timer.o
 .debug_frame   0x0000000000001508       0x34 obj_doxl/common/avr/bootloader.o
 .debug_frame   0x000000000000153c       0x74 obj_doxl/common/keymap.o
 .debug_frame   0x00000000000015b0       0x84 obj_doxl/common/bootmagic.o
 .debug_frame   0x0000000000001634       0xb4 obj_doxl/common/avr/eeconfig.o
 .debug_frame   0x00000000000016e8       0xf0 obj_doxl/common/mousekey.o
 .debug_frame   0x00000000000017d8      0x2b8 obj_doxl/common/command.o

.debug_str      0x0000000000000000     0x45ba
 *(.debug_str)
 .debug_str     0x0000000000000000      0x371 /usr/lib/gcc/avr/5.4.0/../../../avr/lib/avr5/crtatmega32u4.o
 .debug_str     0x0000000000000371      0xfd8 obj_doxl/keymap_macro.o
                                       0x1074 (size before relaxing)
 .debug_str     0x0000000000001349      0x109 obj_doxl/matrix.o
                                        0x2f3 (size before relaxing)
 .debug_str     0x0000000000001452       0x16 obj_doxl/led.o
                                        0x1c2 (size before relaxing)
 .debug_str     0x0000000000001468      0x8f6 obj_doxl/protocol/lufa/lufa.o
                                        0xbcc (size before relaxing)
 .debug_str     0x0000000000001d5e      0x7d7 obj_doxl/protocol/lufa/descriptor.o
                                        0xa05 (size before relaxing)
 .debug_str     0x0000000000002535       0x7b obj_doxl/protocol/lufa/LUFA-git/LUFA/Drivers/USB/Core/AVR8/Device_AVR8.o
                                        0x252 (size before relaxing)
 .debug_str     0x00000000000025b0      0x4e4 obj_doxl/protocol/lufa/LUFA-git/LUFA/Drivers/USB/Core/AVR8/EndpointStream_AVR8.o
                                        0x8b4 (size before relaxing)
 .debug_str     0x0000000000002a94      0x223 obj_doxl/protocol/lufa/LUFA-git/LUFA/Drivers/USB/Core/AVR8/Endpoint_AVR8.o
                                        0x674 (size before relaxing)
 .debug_str     0x0000000000002cb7      0x1dd obj_doxl/protocol/lufa/LUFA-git/LUFA/Drivers/USB/Core/AVR8/USBController_AVR8.o
                                        0x5b3 (size before relaxing)
 .debug_str     0x0000000000002e94      0x140 obj_doxl/protocol/lufa/LUFA-git/LUFA/Drivers/USB/Core/AVR8/USBInterrupt_AVR8.o
                                        0x632 (size before relaxing)
 .debug_str     0x0000000000002fd4      0x417 obj_doxl/protocol/lufa/LUFA-git/LUFA/Drivers/USB/Core/DeviceStandardReq.o
                                        0xa26 (size before relaxing)
 .debug_str     0x00000000000033eb       0x6e obj_doxl/protocol/lufa/LUFA-git/LUFA/Drivers/USB/Core/USBTask.o
                                        0x3d9 (size before relaxing)
 .debug_str     0x0000000000003459       0xb9 obj_doxl/common/host.o
                                        0x3cb (size before relaxing)
 .debug_str     0x0000000000003512       0xe8 obj_doxl/common/keyboard.o
                                        0x3c5 (size before relaxing)
 .debug_str     0x00000000000035fa       0x56 obj_doxl/common/matrix.o
                                        0x224 (size before relaxing)
 .debug_str     0x0000000000003650      0x348 obj_doxl/common/action.o
                                       0x13e0 (size before relaxing)
 .debug_str     0x0000000000003998       0xec obj_doxl/common/action_tapping.o
                                        0xd7c (size before relaxing)
 .debug_str     0x0000000000003a84       0x99 obj_doxl/common/action_macro.o
                                        0xb67 (size before relaxing)
 .debug_str     0x0000000000003b1d       0xc9 obj_doxl/common/action_layer.o
                                        0x48e (size before relaxing)
 .debug_str     0x0000000000003be6       0xe9 obj_doxl/common/action_util.o
                                        0x446 (size before relaxing)
 .debug_str     0x0000000000003ccf       0x36 obj_doxl/common/print.o
                                        0x1fc (size before relaxing)
 .debug_str     0x0000000000003d05       0x1e obj_doxl/common/debug.o
                                        0x212 (size before relaxing)
 .debug_str     0x0000000000003d23       0x58 obj_doxl/common/util.o
                                        0x228 (size before relaxing)
 .debug_str     0x0000000000003d7b       0x2c obj_doxl/common/hook.o
                                        0x27f (size before relaxing)
 .debug_str     0x0000000000003da7       0x6a obj_doxl/common/avr/suspend.o
                                        0x39b (size before relaxing)
 .debug_str     0x0000000000003e11       0x62 obj_doxl/common/avr/timer.o
                                        0x24f (size before relaxing)
 .debug_str     0x0000000000003e73       0x66 obj_doxl/common/avr/bootloader.o
                                        0x2bc (size before relaxing)
 .debug_str     0x0000000000003ed9       0xf0 obj_doxl/common/keymap.o
                                       0x1139 (size before relaxing)
 .debug_str     0x0000000000003fc9       0xe4 obj_doxl/common/bootmagic.o
                                        0xe5f (size before relaxing)
 .debug_str     0x00000000000040ad       0x7b obj_doxl/common/avr/eeconfig.o
                                        0x2f6 (size before relaxing)
 .debug_str     0x0000000000004128       0xfd obj_doxl/common/mousekey.o
                                        0x6e4 (size before relaxing)
 .debug_str     0x0000000000004225      0x395 obj_doxl/common/command.o
                                        0xfaf (size before relaxing)

.debug_loc      0x0000000000000000     0x8a18
 *(.debug_loc)
 .debug_loc     0x0000000000000000       0xed obj_doxl/keymap_macro.o
 .debug_loc     0x00000000000000ed      0x23a obj_doxl/matrix.o
 .debug_loc     0x0000000000000327      0x84b obj_doxl/protocol/lufa/lufa.o
 .debug_loc     0x0000000000000b72      0x20a obj_doxl/protocol/lufa/descriptor.o
 .debug_loc     0x0000000000000d7c     0x1f97 obj_doxl/protocol/lufa/LUFA-git/LUFA/Drivers/USB/Core/AVR8/EndpointStream_AVR8.o
 .debug_loc     0x0000000000002d13      0x38d obj_doxl/protocol/lufa/LUFA-git/LUFA/Drivers/USB/Core/AVR8/Endpoint_AVR8.o
 .debug_loc     0x00000000000030a0       0xd5 obj_doxl/protocol/lufa/LUFA-git/LUFA/Drivers/USB/Core/AVR8/USBController_AVR8.o
 .debug_loc     0x0000000000003175      0x3f4 obj_doxl/protocol/lufa/LUFA-git/LUFA/Drivers/USB/Core/AVR8/USBInterrupt_AVR8.o
 .debug_loc     0x0000000000003569      0x2d7 obj_doxl/protocol/lufa/LUFA-git/LUFA/Drivers/USB/Core/DeviceStandardReq.o
 .debug_loc     0x0000000000003840       0x49 obj_doxl/protocol/lufa/LUFA-git/LUFA/Drivers/USB/Core/USBTask.o
 .debug_loc     0x0000000000003889      0x2a2 obj_doxl/common/host.o
 .debug_loc     0x0000000000003b2b      0x180 obj_doxl/common/keyboard.o
 .debug_loc     0x0000000000003cab      0x147 obj_doxl/common/matrix.o
 .debug_loc     0x0000000000003df2     0x1706 obj_doxl/common/action.o
 .debug_loc     0x00000000000054f8      0x672 obj_doxl/common/action_tapping.o
 .debug_loc     0x0000000000005b6a      0x540 obj_doxl/common/action_macro.o
 .debug_loc     0x00000000000060aa      0x5f1 obj_doxl/common/action_layer.o
 .debug_loc     0x000000000000669b      0x3fe obj_doxl/common/action_util.o
 .debug_loc     0x0000000000006a99      0x4fe obj_doxl/common/util.o
 .debug_loc     0x0000000000006f97       0x69 obj_doxl/common/hook.o
 .debug_loc     0x0000000000007000       0xd9 obj_doxl/common/avr/suspend.o
 .debug_loc     0x00000000000070d9      0x20a obj_doxl/common/avr/timer.o
 .debug_loc     0x00000000000072e3       0x48 obj_doxl/common/avr/bootloader.o
 .debug_loc     0x000000000000732b      0x1ee obj_doxl/common/keymap.o
 .debug_loc     0x0000000000007519      0x305 obj_doxl/common/bootmagic.o
 .debug_loc     0x000000000000781e       0x84 obj_doxl/common/avr/eeconfig.o
 .debug_loc     0x00000000000078a2      0x578 obj_doxl/common/mousekey.o
 .debug_loc     0x0000000000007e1a      0xbfe obj_doxl/common/command.o

.debug_macinfo
 *(.debug_macinfo)

.debug_weaknames
 *(.debug_weaknames)

.debug_funcnames
 *(.debug_funcnames)

.debug_typenames
 *(.debug_typenames)

.debug_varnames
 *(.debug_varnames)

.debug_pubtypes
 *(.debug_pubtypes)

.debug_ranges   0x0000000000000000      0xaa8
 *(.debug_ranges)
 .debug_ranges  0x0000000000000000       0x18 obj_doxl/keymap_macro.o
 .debug_ranges  0x0000000000000018       0x40 obj_doxl/matrix.o
 .debug_ranges  0x0000000000000058       0x10 obj_doxl/led.o
 .debug_ranges  0x0000000000000068      0x100 obj_doxl/protocol/lufa/lufa.o
 .debug_ranges  0x0000000000000168       0x28 obj_doxl/protocol/lufa/descriptor.o
 .debug_ranges  0x0000000000000190       0x10 obj_doxl/protocol/lufa/LUFA-git/LUFA/Drivers/USB/Core/AVR8/Device_AVR8.o
 .debug_ranges  0x00000000000001a0      0x1f8 obj_doxl/protocol/lufa/LUFA-git/LUFA/Drivers/USB/Core/AVR8/EndpointStream_AVR8.o
 .debug_ranges  0x0000000000000398       0x78 obj_doxl/protocol/lufa/LUFA-git/LUFA/Drivers/USB/Core/AVR8/Endpoint_AVR8.o
 .debug_ranges  0x0000000000000410       0x20 obj_doxl/protocol/lufa/LUFA-git/LUFA/Drivers/USB/Core/AVR8/USBController_AVR8.o
 .debug_ranges  0x0000000000000430       0x28 obj_doxl/protocol/lufa/LUFA-git/LUFA/Drivers/USB/Core/AVR8/USBInterrupt_AVR8.o
 .debug_ranges  0x0000000000000458       0x28 obj_doxl/protocol/lufa/LUFA-git/LUFA/Drivers/USB/Core/DeviceStandardReq.o
 .debug_ranges  0x0000000000000480       0x10 obj_doxl/protocol/lufa/LUFA-git/LUFA/Drivers/USB/Core/USBTask.o
 .debug_ranges  0x0000000000000490       0x50 obj_doxl/common/host.o
 .debug_ranges  0x00000000000004e0       0x40 obj_doxl/common/keyboard.o
 .debug_ranges  0x0000000000000520       0x30 obj_doxl/common/matrix.o
 .debug_ranges  0x0000000000000550       0xf8 obj_doxl/common/action.o
 .debug_ranges  0x0000000000000648       0x60 obj_doxl/common/action_tapping.o
 .debug_ranges  0x00000000000006a8       0x28 obj_doxl/common/action_macro.o
 .debug_ranges  0x00000000000006d0       0xe0 obj_doxl/common/action_layer.o
 .debug_ranges  0x00000000000007b0       0xb8 obj_doxl/common/action_util.o
 .debug_ranges  0x0000000000000868       0x10 obj_doxl/common/print.o
 .debug_ranges  0x0000000000000878       0x50 obj_doxl/common/util.o
 .debug_ranges  0x00000000000008c8       0x28 obj_doxl/common/hook.o
 .debug_ranges  0x00000000000008f0       0x30 obj_doxl/common/avr/suspend.o
 .debug_ranges  0x0000000000000920       0x40 obj_doxl/common/avr/timer.o
 .debug_ranges  0x0000000000000960       0x18 obj_doxl/common/avr/bootloader.o
 .debug_ranges  0x0000000000000978       0x38 obj_doxl/common/keymap.o
 .debug_ranges  0x00000000000009b0       0x20 obj_doxl/common/bootmagic.o
 .debug_ranges  0x00000000000009d0       0x58 obj_doxl/common/avr/eeconfig.o
 .debug_ranges  0x0000000000000a28       0x40 obj_doxl/common/mousekey.o
 .debug_ranges  0x0000000000000a68       0x40 obj_doxl/common/command.o

.debug_macro
 *(.debug_macro)
OUTPUT(doxl.elf elf32-avr)
LOAD linker stubs

Cross Reference Table

Symbol                                            File
CALLBACK_HIDParser_FilterHIDReportItem            obj_doxl/protocol/lufa/LUFA-git/LUFA/Drivers/USB/Class/Common/HIDParser.o
CALLBACK_USB_GetDescriptor                        obj_doxl/protocol/lufa/descriptor.o
                                                  obj_doxl/protocol/lufa/LUFA-git/LUFA/Drivers/USB/Core/DeviceStandardReq.o
ConfigurationDescriptor                           obj_doxl/protocol/lufa/descriptor.o
ConsoleReport                                     obj_doxl/protocol/lufa/descriptor.o
DeviceDescriptor                                  obj_doxl/protocol/lufa/descriptor.o
EVENT_USB_Device_ConfigurationChanged             obj_doxl/protocol/lufa/lufa.o
                                                  obj_doxl/protocol/lufa/LUFA-git/LUFA/Drivers/USB/Core/DeviceStandardReq.o
EVENT_USB_Device_Connect                          obj_doxl/protocol/lufa/lufa.o
                                                  obj_doxl/protocol/lufa/LUFA-git/LUFA/Drivers/USB/Core/AVR8/USBInterrupt_AVR8.o